Info: Start Nativelink Simulation process

========= EDA Simulation Settings =====================

Sim Mode              :  Gate
Family                :  cycloneivgx
Quartus root          :  c:/altera_lite/25.1std/quartus/bin64/
Quartus sim root      :  c:/altera_lite/25.1std/quartus/eda/sim_lib
Simulation Tool       :  questasim
Simulation Language   :  systemverilog
Simulation Mode       :  GUI
Sim Output File       :  banco_de_registadores_top.svo
Sim SDF file          :  banco_de_registadores_top__verilog.sdo
Sim dir               :  simulation\questa

=======================================================

Info: Starting NativeLink simulation with Questasim software
Sourced NativeLink script c:/altera_lite/25.1std/quartus/common/tcl/internal/nativelink/modelsim.tcl
Probing transcript
QuestaSim Info: # Reading pref.tcl
QuestaSim Info: # //  Questa Altera Starter FPGA Edition-64
QuestaSim Info: # //  Version 2025.2 win64 May 31 2025
QuestaSim Info: # //
QuestaSim Info: # // Unpublished work. Copyright 2025 Siemens
QuestaSim Info: # //
QuestaSim Info: # // This material contains trade secrets or otherwise confidential information
QuestaSim Info: # // owned by Siemens Industry Software Inc. or its affiliates (collectively,
QuestaSim Info: # // "SISW"), or its licensors. Access to and use of this information is strictly
QuestaSim Info: # // limited as set forth in the Customer's applicable agreements with SISW.
QuestaSim Info: # //
QuestaSim Info: # // This material may not be copied, distributed, or otherwise disclosed outside
QuestaSim Info: # // of the Customer's facilities without the express written permission of SISW,
QuestaSim Info: # // and may not be used in any way not expressly authorized by SISW.
QuestaSim Info: # //
QuestaSim Info: # do banco_de_registadores_top_run_msim_gate_systemverilog.do
QuestaSim Info: # if ![file isdirectory verilog_libs] {
QuestaSim Info: # 	file mkdir verilog_libs
QuestaSim Info: # }
QuestaSim Info: # 
QuestaSim Info: # if ![file isdirectory vhdl_libs] {
QuestaSim Info: # 	file mkdir vhdl_libs
QuestaSim Info: # }
QuestaSim Info: # 
QuestaSim Info: # vlib verilog_libs/altera_mf_ver
QuestaSim Info: # vmap altera_mf_ver ./verilog_libs/altera_mf_ver
QuestaSim Info: # Questa Altera Starter FPGA Edition-64 vmap 2025.2 Lib Mapping Utility 2025.05 May 31 2025
QuestaSim Info: # vmap altera_mf_ver ./verilog_libs/altera_mf_ver 
QuestaSim Info: # ** Note: (vmap-220) 'c:/altera_lite/25.1std/questa_fse/win64/../modelsim.ini' is used as the ini file.
QuestaSim Info: # Copying c:/altera_lite/25.1std/questa_fse/win64/../modelsim.ini to modelsim.ini
QuestaSim Info: # Modifying modelsim.ini
QuestaSim Info: # vlog  -work altera_mf_ver {c:/altera_lite/25.1std/quartus/eda/sim_lib/altera_mf.v}
QuestaSim Info: # Questa Altera Starter FPGA Edition-64 vlog 2025.2 Compiler 2025.05 May 31 2025
QuestaSim Info: # Start time: 15:22:36 on Aug 26,2026
QuestaSim Info: # vlog -reportprogress 300 -work altera_mf_ver c:/altera_lite/25.1std/quartus/eda/sim_lib/altera_mf.v 
QuestaSim Info: # ** Note: (vlog-220) 'modelsim.ini' is used as the ini file.
QuestaSim Info: # -- Compiling module lcell
QuestaSim Info: # -- Compiling module ALTERA_MF_MEMORY_INITIALIZATION
QuestaSim Info: # -- Compiling module ALTERA_MF_HINT_EVALUATION
QuestaSim Info: # -- Compiling module ALTERA_DEVICE_FAMILIES
QuestaSim Info: # -- Compiling module dffp
QuestaSim Info: # -- Compiling module pll_iobuf
QuestaSim Info: # -- Compiling module stx_m_cntr
QuestaSim Info: # -- Compiling module stx_n_cntr
QuestaSim Info: # -- Compiling module stx_scale_cntr
QuestaSim Info: # -- Compiling module MF_pll_reg
QuestaSim Info: # -- Compiling module MF_stratix_pll
QuestaSim Info: # -- Compiling module arm_m_cntr
QuestaSim Info: # -- Compiling module arm_n_cntr
QuestaSim Info: # -- Compiling module arm_scale_cntr
QuestaSim Info: # -- Compiling module MF_stratixii_pll
QuestaSim Info: # -- Compiling module ttn_m_cntr
QuestaSim Info: # -- Compiling module ttn_n_cntr
QuestaSim Info: # -- Compiling module ttn_scale_cntr
QuestaSim Info: # -- Compiling module MF_stratixiii_pll
QuestaSim Info: # -- Compiling module cda_m_cntr
QuestaSim Info: # -- Compiling module cda_n_cntr
QuestaSim Info: # -- Compiling module cda_scale_cntr
QuestaSim Info: # -- Compiling module MF_cycloneiii_pll
QuestaSim Info: # -- Compiling module MF_cycloneiiigl_m_cntr
QuestaSim Info: # -- Compiling module MF_cycloneiiigl_n_cntr
QuestaSim Info: # -- Compiling module MF_cycloneiiigl_scale_cntr
QuestaSim Info: # -- Compiling module cycloneiiigl_post_divider
QuestaSim Info: # -- Compiling module MF_cycloneiiigl_pll
QuestaSim Info: # -- Compiling module altpll
QuestaSim Info: # -- Compiling module altlvds_rx
QuestaSim Info: # -- Compiling module stratix_lvds_rx
QuestaSim Info: # -- Compiling module stratixgx_dpa_lvds_rx
QuestaSim Info: # -- Compiling module stratixii_lvds_rx
QuestaSim Info: # -- Compiling module flexible_lvds_rx
QuestaSim Info: # -- Compiling module stratixiii_lvds_rx
QuestaSim Info: # -- Compiling module stratixiii_lvds_rx_channel
QuestaSim Info: # -- Compiling module stratixiii_lvds_rx_dpa
QuestaSim Info: # -- Compiling module altlvds_tx
QuestaSim Info: # -- Compiling module stratixv_local_clk_divider
QuestaSim Info: # -- Compiling module stratix_tx_outclk
QuestaSim Info: # -- Compiling module stratixii_tx_outclk
QuestaSim Info: # -- Compiling module flexible_lvds_tx
QuestaSim Info: # -- Compiling module dcfifo_dffpipe
QuestaSim Info: # -- Compiling module dcfifo_fefifo
QuestaSim Info: # -- Compiling module dcfifo_async
QuestaSim Info: # -- Compiling module dcfifo_sync
QuestaSim Info: # -- Compiling module dcfifo_low_latency
QuestaSim Info: # -- Compiling module dcfifo_mixed_widths
QuestaSim Info: # -- Compiling module dcfifo
QuestaSim Info: # -- Compiling module altera_syncram_derived
QuestaSim Info: # -- Compiling module altera_syncram_derived_forwarding_logic
QuestaSim Info: # -- Compiling module altaccumulate
QuestaSim Info: # -- Compiling module altmult_accum
QuestaSim Info: # -- Compiling module altmult_add
QuestaSim Info: # -- Compiling module altfp_mult
QuestaSim Info: # -- Compiling module altsqrt
QuestaSim Info: # -- Compiling module altclklock
QuestaSim Info: # -- Compiling module altddio_in
QuestaSim Info: # -- Compiling module altddio_out
QuestaSim Info: # -- Compiling module altddio_bidir
QuestaSim Info: # -- Compiling module altdpram
QuestaSim Info: # -- Compiling module altsyncram
QuestaSim Info: # -- Compiling module altsyncram_body
QuestaSim Info: # -- Compiling module alt3pram
QuestaSim Info: # -- Compiling module parallel_add
QuestaSim Info: # -- Compiling module scfifo
QuestaSim Info: # -- Compiling module altshift_taps
QuestaSim Info: # -- Compiling module a_graycounter
QuestaSim Info: # -- Compiling module altsquare
QuestaSim Info: # -- Compiling module altera_std_synchronizer
QuestaSim Info: # -- Compiling module altera_std_synchronizer_bundle
QuestaSim Info: # -- Compiling module alt_cal
QuestaSim Info: # -- Compiling module alt_cal_mm
QuestaSim Info: # -- Compiling module alt_cal_c3gxb
QuestaSim Info: # -- Compiling module alt_cal_sv
QuestaSim Info: # -- Compiling module alt_cal_av
QuestaSim Info: # -- Compiling module alt_aeq_s4
QuestaSim Info: # -- Compiling module alt_eyemon
QuestaSim Info: # -- Compiling module alt_dfe
QuestaSim Info: # -- Compiling module signal_gen
QuestaSim Info: # -- Compiling module jtag_tap_controller
QuestaSim Info: # -- Compiling module dummy_hub
QuestaSim Info: # -- Compiling module sld_virtual_jtag
QuestaSim Info: # -- Compiling module sld_signaltap
QuestaSim Info: # -- Compiling module altstratixii_oct
QuestaSim Info: # -- Compiling module altparallel_flash_loader
QuestaSim Info: # -- Compiling module altserial_flash_loader
QuestaSim Info: # -- Compiling module alt_fault_injection
QuestaSim Info: # -- Compiling module sld_virtual_jtag_basic
QuestaSim Info: # -- Compiling module altsource_probe
QuestaSim Info: # 
QuestaSim Info: # Top level modules:
QuestaSim Info: # 	lcell
QuestaSim Info: # 	altpll
QuestaSim Info: # 	altlvds_rx
QuestaSim Info: # 	altlvds_tx
QuestaSim Info: # 	dcfifo
QuestaSim Info: # 	altaccumulate
QuestaSim Info: # 	altmult_accum
QuestaSim Info: # 	altmult_add
QuestaSim Info: # 	altfp_mult
QuestaSim Info: # 	altsqrt
QuestaSim Info: # 	altclklock
QuestaSim Info: # 	altddio_bidir
QuestaSim Info: # 	altdpram
QuestaSim Info: # 	alt3pram
QuestaSim Info: # 	parallel_add
QuestaSim Info: # 	scfifo
QuestaSim Info: # 	altshift_taps
QuestaSim Info: # 	a_graycounter
QuestaSim Info: # 	altsquare
QuestaSim Info: # 	altera_std_synchronizer_bundle
QuestaSim Info: # 	alt_cal
QuestaSim Info: # 	alt_cal_mm
QuestaSim Info: # 	alt_cal_c3gxb
QuestaSim Info: # 	alt_cal_sv
QuestaSim Info: # 	alt_cal_av
QuestaSim Info: # 	alt_aeq_s4
QuestaSim Info: # 	alt_eyemon
QuestaSim Info: # 	alt_dfe
QuestaSim Info: # 	sld_virtual_jtag
QuestaSim Info: # 	sld_signaltap
QuestaSim Info: # 	altstratixii_oct
QuestaSim Info: # 	altparallel_flash_loader
QuestaSim Info: # 	altserial_flash_loader
QuestaSim Info: # 	alt_fault_injection
QuestaSim Info: # 	sld_virtual_jtag_basic
QuestaSim Info: # 	altsource_probe
QuestaSim Info: # End time: 15:22:37 on Aug 26,2026, Elapsed time: 0:00:01
QuestaSim Info: # Errors: 0, Warnings: 0
QuestaSim Info: # 
QuestaSim Info: # vlib verilog_libs/altera_ver
QuestaSim Info: # vmap altera_ver ./verilog_libs/altera_ver
QuestaSim Info: # Questa Altera Starter FPGA Edition-64 vmap 2025.2 Lib Mapping Utility 2025.05 May 31 2025
QuestaSim Info: # vmap altera_ver ./verilog_libs/altera_ver 
QuestaSim Info: # ** Note: (vmap-220) 'modelsim.ini' is used as the ini file.
QuestaSim Info: # Modifying modelsim.ini
QuestaSim Info: # vlog  -work altera_ver {c:/altera_lite/25.1std/quartus/eda/sim_lib/altera_primitives.v}
QuestaSim Info: # Questa Altera Starter FPGA Edition-64 vlog 2025.2 Compiler 2025.05 May 31 2025
QuestaSim Info: # Start time: 15:22:37 on Aug 26,2026
QuestaSim Info: # vlog -reportprogress 300 -work altera_ver c:/altera_lite/25.1std/quartus/eda/sim_lib/altera_primitives.v 
QuestaSim Info: # ** Note: (vlog-220) 'modelsim.ini' is used as the ini file.
QuestaSim Info: # -- Compiling module global
QuestaSim Info: # -- Compiling module carry
QuestaSim Info: # -- Compiling module cascade
QuestaSim Info: # -- Compiling module carry_sum
QuestaSim Info: # -- Compiling module exp
QuestaSim Info: # -- Compiling module soft
QuestaSim Info: # -- Compiling module opndrn
QuestaSim Info: # -- Compiling module row_global
QuestaSim Info: # -- Compiling module TRI
QuestaSim Info: # -- Compiling module lut_input
QuestaSim Info: # -- Compiling module lut_output
QuestaSim Info: # -- Compiling module latch
QuestaSim Info: # -- Compiling module dlatch
QuestaSim Info: # -- Compiling module prim_gdff
QuestaSim Info: # -- Compiling module dff
QuestaSim Info: # -- Compiling module dffe
QuestaSim Info: # -- Compiling module dffea
QuestaSim Info: # -- Compiling module dffeas
QuestaSim Info: # -- Compiling module dffeas_pr
QuestaSim Info: # -- Compiling module prim_gtff
QuestaSim Info: # -- Compiling module tff
QuestaSim Info: # -- Compiling module tffe
QuestaSim Info: # -- Compiling module prim_gjkff
QuestaSim Info: # -- Compiling module jkff
QuestaSim Info: # -- Compiling module jkffe
QuestaSim Info: # -- Compiling module prim_gsrff
QuestaSim Info: # -- Compiling module srff
QuestaSim Info: # -- Compiling module srffe
QuestaSim Info: # -- Compiling module clklock
QuestaSim Info: # -- Compiling module alt_inbuf
QuestaSim Info: # -- Compiling module alt_outbuf
QuestaSim Info: # -- Compiling module alt_outbuf_tri
QuestaSim Info: # -- Compiling module alt_iobuf
QuestaSim Info: # -- Compiling module alt_inbuf_diff
QuestaSim Info: # -- Compiling module alt_outbuf_diff
QuestaSim Info: # -- Compiling module alt_outbuf_tri_diff
QuestaSim Info: # -- Compiling module alt_iobuf_diff
QuestaSim Info: # -- Compiling module alt_bidir_diff
QuestaSim Info: # -- Compiling module alt_bidir_buf
QuestaSim Info: # -- Compiling UDP PRIM_GDFF_LOW
QuestaSim Info: # -- Compiling UDP PRIM_GDFF_LOW_SCLR_PRIORITY
QuestaSim Info: # -- Compiling UDP PRIM_GDFF_HIGH
QuestaSim Info: # -- Compiling UDP PRIM_GDFF_HIGH_SCLR_PRIORITY
QuestaSim Info: # 
QuestaSim Info: # Top level modules:
QuestaSim Info: # 	global
QuestaSim Info: # 	carry
QuestaSim Info: # 	cascade
QuestaSim Info: # 	carry_sum
QuestaSim Info: # 	exp
QuestaSim Info: # 	soft
QuestaSim Info: # 	opndrn
QuestaSim Info: # 	row_global
QuestaSim Info: # 	TRI
QuestaSim Info: # 	lut_input
QuestaSim Info: # 	lut_output
QuestaSim Info: # 	latch
QuestaSim Info: # 	dlatch
QuestaSim Info: # 	dff
QuestaSim Info: # 	dffe
QuestaSim Info: # 	dffea
QuestaSim Info: # 	dffeas
QuestaSim Info: # 	dffeas_pr
QuestaSim Info: # 	tff
QuestaSim Info: # 	tffe
QuestaSim Info: # 	jkff
QuestaSim Info: # 	jkffe
QuestaSim Info: # 	srff
QuestaSim Info: # 	srffe
QuestaSim Info: # 	clklock
QuestaSim Info: # 	alt_inbuf
QuestaSim Info: # 	alt_outbuf
QuestaSim Info: # 	alt_outbuf_tri
QuestaSim Info: # 	alt_iobuf
QuestaSim Info: # 	alt_inbuf_diff
QuestaSim Info: # 	alt_outbuf_diff
QuestaSim Info: # 	alt_outbuf_tri_diff
QuestaSim Info: # 	alt_iobuf_diff
QuestaSim Info: # 	alt_bidir_diff
QuestaSim Info: # 	alt_bidir_buf
QuestaSim Info: # End time: 15:22:37 on Aug 26,2026, Elapsed time: 0:00:00
QuestaSim Info: # Errors: 0, Warnings: 0
QuestaSim Info: # 
QuestaSim Info: # vlib verilog_libs/lpm_ver
QuestaSim Info: # vmap lpm_ver ./verilog_libs/lpm_ver
QuestaSim Info: # Questa Altera Starter FPGA Edition-64 vmap 2025.2 Lib Mapping Utility 2025.05 May 31 2025
QuestaSim Info: # vmap lpm_ver ./verilog_libs/lpm_ver 
QuestaSim Info: # ** Note: (vmap-220) 'modelsim.ini' is used as the ini file.
QuestaSim Info: # Modifying modelsim.ini
QuestaSim Info: # vlog  -work lpm_ver {c:/altera_lite/25.1std/quartus/eda/sim_lib/220model.v}
QuestaSim Info: # Questa Altera Starter FPGA Edition-64 vlog 2025.2 Compiler 2025.05 May 31 2025
QuestaSim Info: # Start time: 15:22:38 on Aug 26,2026
QuestaSim Info: # vlog -reportprogress 300 -work lpm_ver c:/altera_lite/25.1std/quartus/eda/sim_lib/220model.v 
QuestaSim Info: # ** Note: (vlog-220) 'modelsim.ini' is used as the ini file.
QuestaSim Info: # -- Compiling module LPM_MEMORY_INITIALIZATION
QuestaSim Info: # -- Compiling module LPM_HINT_EVALUATION
QuestaSim Info: # -- Compiling module LPM_DEVICE_FAMILIES
QuestaSim Info: # -- Compiling module lpm_constant
QuestaSim Info: # -- Compiling module lpm_inv
QuestaSim Info: # -- Compiling module lpm_and
QuestaSim Info: # -- Compiling module lpm_or
QuestaSim Info: # -- Compiling module lpm_xor
QuestaSim Info: # -- Compiling module lpm_bustri
QuestaSim Info: # -- Compiling module lpm_mux
QuestaSim Info: # -- Compiling module lpm_decode
QuestaSim Info: # -- Compiling module lpm_clshift
QuestaSim Info: # -- Compiling module lpm_add_sub
QuestaSim Info: # -- Compiling module lpm_compare
QuestaSim Info: # -- Compiling module lpm_mult
QuestaSim Info: # -- Compiling module lpm_divide
QuestaSim Info: # -- Compiling module lpm_abs
QuestaSim Info: # -- Compiling module lpm_counter
QuestaSim Info: # -- Compiling module lpm_latch
QuestaSim Info: # -- Compiling module lpm_ff
QuestaSim Info: # -- Compiling module lpm_shiftreg
QuestaSim Info: # -- Compiling module lpm_ram_dq
QuestaSim Info: # -- Compiling module lpm_ram_dp
QuestaSim Info: # -- Compiling module lpm_ram_io
QuestaSim Info: # -- Compiling module lpm_rom
QuestaSim Info: # -- Compiling module lpm_fifo
QuestaSim Info: # -- Compiling module lpm_fifo_dc_dffpipe
QuestaSim Info: # -- Compiling module lpm_fifo_dc_fefifo
QuestaSim Info: # -- Compiling module lpm_fifo_dc_async
QuestaSim Info: # -- Compiling module lpm_fifo_dc
QuestaSim Info: # -- Compiling module lpm_inpad
QuestaSim Info: # -- Compiling module lpm_outpad
QuestaSim Info: # -- Compiling module lpm_bipad
QuestaSim Info: # 
QuestaSim Info: # Top level modules:
QuestaSim Info: # 	lpm_constant
QuestaSim Info: # 	lpm_inv
QuestaSim Info: # 	lpm_and
QuestaSim Info: # 	lpm_or
QuestaSim Info: # 	lpm_xor
QuestaSim Info: # 	lpm_bustri
QuestaSim Info: # 	lpm_mux
QuestaSim Info: # 	lpm_decode
QuestaSim Info: # 	lpm_clshift
QuestaSim Info: # 	lpm_add_sub
QuestaSim Info: # 	lpm_compare
QuestaSim Info: # 	lpm_mult
QuestaSim Info: # 	lpm_divide
QuestaSim Info: # 	lpm_abs
QuestaSim Info: # 	lpm_counter
QuestaSim Info: # 	lpm_latch
QuestaSim Info: # 	lpm_ff
QuestaSim Info: # 	lpm_shiftreg
QuestaSim Info: # 	lpm_ram_dq
QuestaSim Info: # 	lpm_ram_dp
QuestaSim Info: # 	lpm_ram_io
QuestaSim Info: # 	lpm_rom
QuestaSim Info: # 	lpm_fifo
QuestaSim Info: # 	lpm_fifo_dc
QuestaSim Info: # 	lpm_inpad
QuestaSim Info: # 	lpm_outpad
QuestaSim Info: # 	lpm_bipad
QuestaSim Info: # End time: 15:22:38 on Aug 26,2026, Elapsed time: 0:00:00
QuestaSim Info: # Errors: 0, Warnings: 0
QuestaSim Info: # 
QuestaSim Info: # vlib verilog_libs/sgate_ver
QuestaSim Info: # vmap sgate_ver ./verilog_libs/sgate_ver
QuestaSim Info: # Questa Altera Starter FPGA Edition-64 vmap 2025.2 Lib Mapping Utility 2025.05 May 31 2025
QuestaSim Info: # vmap sgate_ver ./verilog_libs/sgate_ver 
QuestaSim Info: # ** Note: (vmap-220) 'modelsim.ini' is used as the ini file.
QuestaSim Info: # Modifying modelsim.ini
QuestaSim Info: # vlog  -work sgate_ver {c:/altera_lite/25.1std/quartus/eda/sim_lib/sgate.v}
QuestaSim Info: # Questa Altera Starter FPGA Edition-64 vlog 2025.2 Compiler 2025.05 May 31 2025
QuestaSim Info: # Start time: 15:22:38 on Aug 26,2026
QuestaSim Info: # vlog -reportprogress 300 -work sgate_ver c:/altera_lite/25.1std/quartus/eda/sim_lib/sgate.v 
QuestaSim Info: # ** Note: (vlog-220) 'modelsim.ini' is used as the ini file.
QuestaSim Info: # -- Compiling module oper_add
QuestaSim Info: # -- Compiling module oper_addsub
QuestaSim Info: # -- Compiling module mux21
QuestaSim Info: # -- Compiling module io_buf_tri
QuestaSim Info: # -- Compiling module io_buf_opdrn
QuestaSim Info: # -- Compiling module oper_mult
QuestaSim Info: # -- Compiling module tri_bus
QuestaSim Info: # -- Compiling module oper_div
QuestaSim Info: # -- Compiling module oper_mod
QuestaSim Info: # -- Compiling module oper_left_shift
QuestaSim Info: # -- Compiling module oper_right_shift
QuestaSim Info: # -- Compiling module oper_rotate_left
QuestaSim Info: # -- Compiling module oper_rotate_right
QuestaSim Info: # -- Compiling module oper_less_than
QuestaSim Info: # -- Compiling module oper_mux
QuestaSim Info: # -- Compiling module oper_selector
QuestaSim Info: # -- Compiling module oper_decoder
QuestaSim Info: # -- Compiling module oper_bus_mux
QuestaSim Info: # -- Compiling module oper_latch
QuestaSim Info: # 
QuestaSim Info: # Top level modules:
QuestaSim Info: # 	oper_add
QuestaSim Info: # 	oper_addsub
QuestaSim Info: # 	mux21
QuestaSim Info: # 	io_buf_tri
QuestaSim Info: # 	io_buf_opdrn
QuestaSim Info: # 	oper_mult
QuestaSim Info: # 	tri_bus
QuestaSim Info: # 	oper_div
QuestaSim Info: # 	oper_mod
QuestaSim Info: # 	oper_left_shift
QuestaSim Info: # 	oper_right_shift
QuestaSim Info: # 	oper_rotate_left
QuestaSim Info: # 	oper_rotate_right
QuestaSim Info: # 	oper_less_than
QuestaSim Info: # 	oper_mux
QuestaSim Info: # 	oper_selector
QuestaSim Info: # 	oper_decoder
QuestaSim Info: # 	oper_bus_mux
QuestaSim Info: # 	oper_latch
QuestaSim Info: # End time: 15:22:38 on Aug 26,2026, Elapsed time: 0:00:00
QuestaSim Info: # Errors: 0, Warnings: 0
QuestaSim Info: # 
QuestaSim Info: # vlib verilog_libs/cycloneiv_hssi_ver
QuestaSim Info: # vmap cycloneiv_hssi_ver ./verilog_libs/cycloneiv_hssi_ver
QuestaSim Info: # Questa Altera Starter FPGA Edition-64 vmap 2025.2 Lib Mapping Utility 2025.05 May 31 2025
QuestaSim Info: # vmap cycloneiv_hssi_ver ./verilog_libs/cycloneiv_hssi_ver 
QuestaSim Info: # ** Note: (vmap-220) 'modelsim.ini' is used as the ini file.
QuestaSim Info: # Modifying modelsim.ini
QuestaSim Info: # vlog  -work cycloneiv_hssi_ver {c:/altera_lite/25.1std/quartus/eda/sim_lib/cycloneiv_hssi_atoms.v}
QuestaSim Info: # Questa Altera Starter FPGA Edition-64 vlog 2025.2 Compiler 2025.05 May 31 2025
QuestaSim Info: # Start time: 15:22:38 on Aug 26,2026
QuestaSim Info: # vlog -reportprogress 300 -work cycloneiv_hssi_ver c:/altera_lite/25.1std/quartus/eda/sim_lib/cycloneiv_hssi_atoms.v 
QuestaSim Info: # ** Note: (vlog-220) 'modelsim.ini' is used as the ini file.
QuestaSim Info: # -- Compiling module cycloneiv_hssi_tx_pma_sub_reg
QuestaSim Info: # -- Compiling module cycloneiv_hssi_tx_pma_sub_out_block
QuestaSim Info: # -- Compiling module cycloneiv_hssi_tx_pma_sub_parallel_register
QuestaSim Info: # -- Compiling module cycloneiv_hssi_tx_pma_sub_ser
QuestaSim Info: # -- Compiling module cycloneiv_hssi_tx_pma_sub_tx_rx_det_div_by_2
QuestaSim Info: # -- Compiling module cycloneiv_hssi_tx_pma_sub_tx_rx_det_clk_gen
QuestaSim Info: # -- Compiling module cycloneiv_hssi_tx_pma_sub_tx_rx_det_rcv_det_sync
QuestaSim Info: # -- Compiling module cycloneiv_hssi_tx_pma_sub_tx_rx_det_rcv_det_fsm
QuestaSim Info: # -- Compiling module cycloneiv_hssi_tx_pma_sub_tx_rx_det_rcv_det_control
QuestaSim Info: # -- Compiling module cycloneiv_hssi_tx_pma_sub_tx_rx_det_rcv_det_digital
QuestaSim Info: # -- Compiling module cycloneiv_hssi_tx_pma_sub_tx_rx_det
QuestaSim Info: # -- Compiling module cycloneiv_hssi_tx_pma
QuestaSim Info: # -- Compiling module cycloneiv_hssi_rx_pma_sub_deser
QuestaSim Info: # -- Compiling module cycloneiv_hssi_rx_pma_sub_clkdiv
QuestaSim Info: # -- Compiling module cycloneiv_hssi_rx_pma
QuestaSim Info: # -- Compiling module cycloneiv_hssi_pcs_reset
QuestaSim Info: # -- Compiling module cycloneiv_hssi_digi_chnl_hip_spt
QuestaSim Info: # -- Compiling module cycloneiv_hssi_phystatus_generator_fsm
QuestaSim Info: # -- Compiling module cycloneiv_hssi_phystatus_generator
QuestaSim Info: # -- Compiling module cycloneiv_hssi_rx_pipe_interface
QuestaSim Info: # -- Compiling module cycloneiv_hssi_tx_pipe_interface
QuestaSim Info: # -- Compiling module cycloneiv_hssi_q_pipe_interface_top
QuestaSim Info: # -- Compiling module cycloneiv_hssi_tx_digis_txclk_gating
QuestaSim Info: # -- Compiling module cycloneiv_hssi_tx_digi_txclk_ctl
QuestaSim Info: # -- Compiling module cycloneiv_hssi_tx_digis_ram8x49_syn
QuestaSim Info: # -- Compiling module cycloneiv_hssi_tx_digis_ph_fifo
QuestaSim Info: # -- Compiling module cycloneiv_hssi_tx_digi_tx_ctrl
QuestaSim Info: # -- Compiling module cycloneiv_hssi_tx_digi_bist_gen
QuestaSim Info: # -- Compiling module cycloneiv_hssi_tx_digi_prbs_gen
QuestaSim Info: # -- Compiling module cycloneiv_hssi_tx_digi_enc_chnl_top
QuestaSim Info: # -- Compiling module cycloneiv_hssi_tx_digi_iq_pipe_tx
QuestaSim Info: # -- Compiling module cycloneiv_hssi_tx_digi
QuestaSim Info: # -- Compiling module cycloneiv_hssi_tx_pcs
QuestaSim Info: # -- Compiling module cycloneiv_hssi_cmu_dprio_map
QuestaSim Info: # -- Compiling module cycloneiv_hssi_cmu_dprio_top
QuestaSim Info: # -- Compiling module cycloneiv_hssi_rx_digis_ph_fifo
QuestaSim Info: # -- Compiling module cycloneiv_hssi_rx_digis_ram16x14_syn
QuestaSim Info: # -- Compiling module cycloneiv_hssi_rx_digis_ram20x16_syn
QuestaSim Info: # -- Compiling module cycloneiv_hssi_rx_digis_ram8x70_syn
QuestaSim Info: # -- Compiling module cycloneiv_hssi_rx_digis_rxclk_gating
QuestaSim Info: # -- Compiling module cycloneiv_hssi_rx_digi_rxclk_ctl
QuestaSim Info: # -- Compiling module cycloneiv_hssi_rx_digi_auto_speed_neg
QuestaSim Info: # -- Compiling module cycloneiv_hssi_rx_digi_bist_ver
QuestaSim Info: # -- Compiling module cycloneiv_hssi_rx_digi_cdr_ctrl
QuestaSim Info: # -- Compiling module cycloneiv_hssi_rx_digi_comp_chnl_top
QuestaSim Info: # -- Compiling module cycloneiv_hssi_rx_digi_rx_ctrl
QuestaSim Info: # -- Compiling module cycloneiv_hssi_rx_digi_dec_chnl_top
QuestaSim Info: # -- Compiling module cycloneiv_hssi_rx_digi_dskw_fifo
QuestaSim Info: # -- Compiling module cycloneiv_hssi_rx_digi_freqdet
QuestaSim Info: # -- Compiling module cycloneiv_hssi_rx_digi_eii_module
QuestaSim Info: # -- Compiling module cycloneiv_hssi_rx_digi_pcs_channel_testbus
QuestaSim Info: # -- Compiling module cycloneiv_hssi_rx_digi_iq_pipe_rx
QuestaSim Info: # -- Compiling module cycloneiv_hssi_rx_digi_prbs_ver
QuestaSim Info: # -- Compiling module cycloneiv_hssi_rx_digi_wordalign
QuestaSim Info: # -- Compiling module cycloneiv_hssi_rx_digi
QuestaSim Info: # -- Compiling module cycloneiv_hssi_rx_pcs
QuestaSim Info: # -- Compiling module cycloneiv_hssi_dskw_sm
QuestaSim Info: # -- Compiling module cycloneiv_hssi_tx_sm
QuestaSim Info: # -- Compiling module cycloneiv_hssi_rcv_sm
QuestaSim Info: # -- Compiling module cycloneiv_hssi_cmu_chnl_reset
QuestaSim Info: # -- Compiling module cycloneiv_hssi_cmu_quad_reset
QuestaSim Info: # -- Compiling module cycloneiv_hssi_cmu_auto_speed_neg
QuestaSim Info: # -- Compiling module cycloneiv_hssi_cmu_clk_gating
QuestaSim Info: # -- Compiling module cycloneiv_hssi_cmu_clk_ctl
QuestaSim Info: # -- Compiling module cycloneiv_hssi_cmu_rx_ctrl
QuestaSim Info: # -- Compiling module cycloneiv_hssi_cmu_rxclk_gating
QuestaSim Info: # -- Compiling module cycloneiv_hssi_cmu_rxclk_ctl
QuestaSim Info: # -- Compiling module cycloneiv_hssi_cmu_tx_ctrl
QuestaSim Info: # -- Compiling module cycloneiv_hssi_cmu_txclk_gating
QuestaSim Info: # -- Compiling module cycloneiv_hssi_cmu_txclk_ctl
QuestaSim Info: # -- Compiling module cycloneiv_hssi_cmu_dprio_bit
QuestaSim Info: # -- Compiling module cycloneiv_hssi_cmu_dprio_bit_pma
QuestaSim Info: # -- Compiling module cycloneiv_hssi_cmu_dprio_16bit
QuestaSim Info: # -- Compiling module cycloneiv_hssi_cmu_dprio_16bit_pma
QuestaSim Info: # -- Compiling module cycloneiv_hssi_cmu_dprio_reg_chnl
QuestaSim Info: # -- Compiling module cycloneiv_hssi_cmu_dprio_chnl_bus_out_mux
QuestaSim Info: # -- Compiling module cycloneiv_hssi_cmu_dprio_chnl_top
QuestaSim Info: # -- Compiling module cycloneiv_hssi_cmu_dprio_status
QuestaSim Info: # -- Compiling module cycloneiv_hssi_cmu_dprio_addr
QuestaSim Info: # -- Compiling module cycloneiv_hssi_cmu_dprio_cnt
QuestaSim Info: # -- Compiling module cycloneiv_hssi_cmu_dprio_ctl_data
QuestaSim Info: # -- Compiling module cycloneiv_hssi_cmu_dprio_sm
QuestaSim Info: # -- Compiling module cycloneiv_hssi_cmu_dprio_reg_centrl
QuestaSim Info: # -- Compiling module cycloneiv_hssi_cmu_dprio_centrl_bus_out_mux
QuestaSim Info: # -- Compiling module cycloneiv_hssi_cmu_dprio_centrl_top
QuestaSim Info: # -- Compiling module cycloneiv_hssi_cmu_dprio_map_index
QuestaSim Info: # -- Compiling module cycloneiv_hssi_cmu
QuestaSim Info: # -- Compiling module cycloneiv_hssi_calibration_block
QuestaSim Info: # 
QuestaSim Info: # Top level modules:
QuestaSim Info: # 	cycloneiv_hssi_tx_pma
QuestaSim Info: # 	cycloneiv_hssi_rx_pma
QuestaSim Info: # 	cycloneiv_hssi_tx_pcs
QuestaSim Info: # 	cycloneiv_hssi_rx_pcs
QuestaSim Info: # 	cycloneiv_hssi_cmu_dprio_centrl_top
QuestaSim Info: # 	cycloneiv_hssi_cmu
QuestaSim Info: # 	cycloneiv_hssi_calibration_block
QuestaSim Info: # End time: 15:22:39 on Aug 26,2026, Elapsed time: 0:00:01
QuestaSim Info: # Errors: 0, Warnings: 0
QuestaSim Info: # 
QuestaSim Info: # vlib verilog_libs/cycloneiv_pcie_hip_ver
QuestaSim Info: # vmap cycloneiv_pcie_hip_ver ./verilog_libs/cycloneiv_pcie_hip_ver
QuestaSim Info: # Questa Altera Starter FPGA Edition-64 vmap 2025.2 Lib Mapping Utility 2025.05 May 31 2025
QuestaSim Info: # vmap cycloneiv_pcie_hip_ver ./verilog_libs/cycloneiv_pcie_hip_ver 
QuestaSim Info: # ** Note: (vmap-220) 'modelsim.ini' is used as the ini file.
QuestaSim Info: # Modifying modelsim.ini
QuestaSim Info: # vlog  -work cycloneiv_pcie_hip_ver {c:/altera_lite/25.1std/quartus/eda/sim_lib/cycloneiv_pcie_hip_atoms.v}
QuestaSim Info: # Questa Altera Starter FPGA Edition-64 vlog 2025.2 Compiler 2025.05 May 31 2025
QuestaSim Info: # Start time: 15:22:39 on Aug 26,2026
QuestaSim Info: # vlog -reportprogress 300 -work cycloneiv_pcie_hip_ver c:/altera_lite/25.1std/quartus/eda/sim_lib/cycloneiv_pcie_hip_atoms.v 
QuestaSim Info: # ** Note: (vlog-220) 'modelsim.ini' is used as the ini file.
QuestaSim Warning: # ** Warning: (vlog-2083) c:/altera_lite/25.1std/quartus/eda/sim_lib/cycloneiv_pcie_hip_atoms.v(28): Carriage return (0x0D) is not followed by a newline (0x0A).
QuestaSim Warning: # ** Warning: (vlog-2083) c:/altera_lite/25.1std/quartus/eda/sim_lib/cycloneiv_pcie_hip_atoms.v(29): Carriage return (0x0D) is not followed by a newline (0x0A).
QuestaSim Warning: # ** Warning: (vlog-2083) c:/altera_lite/25.1std/quartus/eda/sim_lib/cycloneiv_pcie_hip_atoms.v(30): Carriage return (0x0D) is not followed by a newline (0x0A).
QuestaSim Warning: # ** Warning: (vlog-2083) c:/altera_lite/25.1std/quartus/eda/sim_lib/cycloneiv_pcie_hip_atoms.v(31): Carriage return (0x0D) is not followed by a newline (0x0A).
QuestaSim Warning: # ** Warning: (vlog-2083) c:/altera_lite/25.1std/quartus/eda/sim_lib/cycloneiv_pcie_hip_atoms.v(32): Carriage return (0x0D) is not followed by a newline (0x0A).
QuestaSim Warning: # ** Warning: (vlog-2083) c:/altera_lite/25.1std/quartus/eda/sim_lib/cycloneiv_pcie_hip_atoms.v(33): Carriage return (0x0D) is not followed by a newline (0x0A).
QuestaSim Warning: # ** Warning: (vlog-2083) c:/altera_lite/25.1std/quartus/eda/sim_lib/cycloneiv_pcie_hip_atoms.v(34): Carriage return (0x0D) is not followed by a newline (0x0A).
QuestaSim Info: # -- Compiling module cycloneiv_pciehip_param
QuestaSim Warning: # ** Warning: (vlog-2083) c:/altera_lite/25.1std/quartus/eda/sim_lib/cycloneiv_pcie_hip_atoms.v(46): Carriage return (0x0D) is not followed by a newline (0x0A).
QuestaSim Warning: # ** Warning: (vlog-2083) c:/altera_lite/25.1std/quartus/eda/sim_lib/cycloneiv_pcie_hip_atoms.v(47): Carriage return (0x0D) is not followed by a newline (0x0A).
QuestaSim Warning: # ** Warning: (vlog-2083) c:/altera_lite/25.1std/quartus/eda/sim_lib/cycloneiv_pcie_hip_atoms.v(48): Carriage return (0x0D) is not followed by a newline (0x0A).
QuestaSim Warning: # ** Warning: (vlog-2083) c:/altera_lite/25.1std/quartus/eda/sim_lib/cycloneiv_pcie_hip_atoms.v(52): Carriage return (0x0D) is not followed by a newline (0x0A).
QuestaSim Warning: # ** Warning: (vlog-2083) c:/altera_lite/25.1std/quartus/eda/sim_lib/cycloneiv_pcie_hip_atoms.v(55): Carriage return (0x0D) is not followed by a newline (0x0A).
QuestaSim Warning: # ** Warning: (vlog-2083) c:/altera_lite/25.1std/quartus/eda/sim_lib/cycloneiv_pcie_hip_atoms.v(98): Carriage return (0x0D) is not followed by a newline (0x0A).
QuestaSim Warning: # ** Warning: (vlog-2083) c:/altera_lite/25.1std/quartus/eda/sim_lib/cycloneiv_pcie_hip_atoms.v(125): Carriage return (0x0D) is not followed by a newline (0x0A).
QuestaSim Warning: # ** Warning: (vlog-2083) c:/altera_lite/25.1std/quartus/eda/sim_lib/cycloneiv_pcie_hip_atoms.v(127): Carriage return (0x0D) is not followed by a newline (0x0A).
QuestaSim Warning: # ** Warning: (vlog-2083) c:/altera_lite/25.1std/quartus/eda/sim_lib/cycloneiv_pcie_hip_atoms.v(128): Carriage return (0x0D) is not followed by a newline (0x0A).
QuestaSim Warning: # ** Warning: (vlog-2083) c:/altera_lite/25.1std/quartus/eda/sim_lib/cycloneiv_pcie_hip_atoms.v(129): Carriage return (0x0D) is not followed by a newline (0x0A).
QuestaSim Warning: # ** Warning: (vlog-2083) c:/altera_lite/25.1std/quartus/eda/sim_lib/cycloneiv_pcie_hip_atoms.v(130): Carriage return (0x0D) is not followed by a newline (0x0A).
QuestaSim Warning: # ** Warning: (vlog-2083) c:/altera_lite/25.1std/quartus/eda/sim_lib/cycloneiv_pcie_hip_atoms.v(131): Carriage return (0x0D) is not followed by a newline (0x0A).
QuestaSim Warning: # ** Warning: (vlog-2083) c:/altera_lite/25.1std/quartus/eda/sim_lib/cycloneiv_pcie_hip_atoms.v(227): Carriage return (0x0D) is not followed by a newline (0x0A).
QuestaSim Warning: # ** Warning: (vlog-2083) c:/altera_lite/25.1std/quartus/eda/sim_lib/cycloneiv_pcie_hip_atoms.v(228): Carriage return (0x0D) is not followed by a newline (0x0A).
QuestaSim Warning: # ** Warning: (vlog-2083) c:/altera_lite/25.1std/quartus/eda/sim_lib/cycloneiv_pcie_hip_atoms.v(229): Carriage return (0x0D) is not followed by a newline (0x0A).
QuestaSim Warning: # ** Warning: (vlog-2083) c:/altera_lite/25.1std/quartus/eda/sim_lib/cycloneiv_pcie_hip_atoms.v(232): Carriage return (0x0D) is not followed by a newline (0x0A).
QuestaSim Warning: # ** Warning: (vlog-2083) c:/altera_lite/25.1std/quartus/eda/sim_lib/cycloneiv_pcie_hip_atoms.v(233): Carriage return (0x0D) is not followed by a newline (0x0A).
QuestaSim Warning: # ** Warning: (vlog-2083) c:/altera_lite/25.1std/quartus/eda/sim_lib/cycloneiv_pcie_hip_atoms.v(234): Carriage return (0x0D) is not followed by a newline (0x0A).
QuestaSim Warning: # ** Warning: (vlog-2083) c:/altera_lite/25.1std/quartus/eda/sim_lib/cycloneiv_pcie_hip_atoms.v(235): Carriage return (0x0D) is not followed by a newline (0x0A).
QuestaSim Warning: # ** Warning: (vlog-2083) c:/altera_lite/25.1std/quartus/eda/sim_lib/cycloneiv_pcie_hip_atoms.v(236): Carriage return (0x0D) is not followed by a newline (0x0A).
QuestaSim Warning: # ** Warning: (vlog-2083) c:/altera_lite/25.1std/quartus/eda/sim_lib/cycloneiv_pcie_hip_atoms.v(237): Carriage return (0x0D) is not followed by a newline (0x0A).
QuestaSim Warning: # ** Warning: (vlog-2083) c:/altera_lite/25.1std/quartus/eda/sim_lib/cycloneiv_pcie_hip_atoms.v(240): Carriage return (0x0D) is not followed by a newline (0x0A).
QuestaSim Warning: # ** Warning: (vlog-2083) c:/altera_lite/25.1std/quartus/eda/sim_lib/cycloneiv_pcie_hip_atoms.v(245): Carriage return (0x0D) is not followed by a newline (0x0A).
QuestaSim Warning: # ** Warning: (vlog-2083) c:/altera_lite/25.1std/quartus/eda/sim_lib/cycloneiv_pcie_hip_atoms.v(246): Carriage return (0x0D) is not followed by a newline (0x0A).
QuestaSim Warning: # ** Warning: (vlog-2083) c:/altera_lite/25.1std/quartus/eda/sim_lib/cycloneiv_pcie_hip_atoms.v(247): Carriage return (0x0D) is not followed by a newline (0x0A).
QuestaSim Warning: # ** Warning: (vlog-2083) c:/altera_lite/25.1std/quartus/eda/sim_lib/cycloneiv_pcie_hip_atoms.v(248): Carriage return (0x0D) is not followed by a newline (0x0A).
QuestaSim Warning: # ** Warning: (vlog-2083) c:/altera_lite/25.1std/quartus/eda/sim_lib/cycloneiv_pcie_hip_atoms.v(250): Carriage return (0x0D) is not followed by a newline (0x0A).
QuestaSim Warning: # ** Warning: (vlog-2083) c:/altera_lite/25.1std/quartus/eda/sim_lib/cycloneiv_pcie_hip_atoms.v(255): Carriage return (0x0D) is not followed by a newline (0x0A).
QuestaSim Warning: # ** Warning: (vlog-2083) c:/altera_lite/25.1std/quartus/eda/sim_lib/cycloneiv_pcie_hip_atoms.v(260): Carriage return (0x0D) is not followed by a newline (0x0A).
QuestaSim Warning: # ** Warning: (vlog-2083) c:/altera_lite/25.1std/quartus/eda/sim_lib/cycloneiv_pcie_hip_atoms.v(263): Carriage return (0x0D) is not followed by a newline (0x0A).
QuestaSim Warning: # ** Warning: (vlog-2083) c:/altera_lite/25.1std/quartus/eda/sim_lib/cycloneiv_pcie_hip_atoms.v(266): Carriage return (0x0D) is not followed by a newline (0x0A).
QuestaSim Warning: # ** Warning: (vlog-2083) c:/altera_lite/25.1std/quartus/eda/sim_lib/cycloneiv_pcie_hip_atoms.v(267): Carriage return (0x0D) is not followed by a newline (0x0A).
QuestaSim Warning: # ** Warning: (vlog-2083) c:/altera_lite/25.1std/quartus/eda/sim_lib/cycloneiv_pcie_hip_atoms.v(269): Carriage return (0x0D) is not followed by a newline (0x0A).
QuestaSim Warning: # ** Warning: (vlog-2083) c:/altera_lite/25.1std/quartus/eda/sim_lib/cycloneiv_pcie_hip_atoms.v(270): Carriage return (0x0D) is not followed by a newline (0x0A).
QuestaSim Warning: # ** Warning: (vlog-2083) c:/altera_lite/25.1std/quartus/eda/sim_lib/cycloneiv_pcie_hip_atoms.v(280): Carriage return (0x0D) is not followed by a newline (0x0A).
QuestaSim Warning: # ** Warning: (vlog-2083) c:/altera_lite/25.1std/quartus/eda/sim_lib/cycloneiv_pcie_hip_atoms.v(281): Carriage return (0x0D) is not followed by a newline (0x0A).
QuestaSim Warning: # ** Warning: (vlog-2083) c:/altera_lite/25.1std/quartus/eda/sim_lib/cycloneiv_pcie_hip_atoms.v(282): Carriage return (0x0D) is not followed by a newline (0x0A).
QuestaSim Warning: # ** Warning: (vlog-2083) c:/altera_lite/25.1std/quartus/eda/sim_lib/cycloneiv_pcie_hip_atoms.v(283): Carriage return (0x0D) is not followed by a newline (0x0A).
QuestaSim Warning: # ** Warning: (vlog-2083) c:/altera_lite/25.1std/quartus/eda/sim_lib/cycloneiv_pcie_hip_atoms.v(285): Carriage return (0x0D) is not followed by a newline (0x0A).
QuestaSim Warning: # ** Warning: (vlog-2083) c:/altera_lite/25.1std/quartus/eda/sim_lib/cycloneiv_pcie_hip_atoms.v(286): Carriage return (0x0D) is not followed by a newline (0x0A).
QuestaSim Warning: # ** Warning: (vlog-2083) c:/altera_lite/25.1std/quartus/eda/sim_lib/cycloneiv_pcie_hip_atoms.v(287): Carriage return (0x0D) is not followed by a newline (0x0A).
QuestaSim Warning: # ** Warning: (vlog-2083) c:/altera_lite/25.1std/quartus/eda/sim_lib/cycloneiv_pcie_hip_atoms.v(288): Carriage return (0x0D) is not followed by a newline (0x0A).
QuestaSim Warning: # ** Warning: (vlog-2083) c:/altera_lite/25.1std/quartus/eda/sim_lib/cycloneiv_pcie_hip_atoms.v(289): Carriage return (0x0D) is not followed by a newline (0x0A).
QuestaSim Warning: # ** Warning: (vlog-2083) c:/altera_lite/25.1std/quartus/eda/sim_lib/cycloneiv_pcie_hip_atoms.v(291): Carriage return (0x0D) is not followed by a newline (0x0A).
QuestaSim Warning: # ** Warning: (vlog-2083) c:/altera_lite/25.1std/quartus/eda/sim_lib/cycloneiv_pcie_hip_atoms.v(295): Carriage return (0x0D) is not followed by a newline (0x0A).
QuestaSim Warning: # ** Warning: (vlog-2083) c:/altera_lite/25.1std/quartus/eda/sim_lib/cycloneiv_pcie_hip_atoms.v(308): Carriage return (0x0D) is not followed by a newline (0x0A).
QuestaSim Warning: # ** Warning: (vlog-2083) c:/altera_lite/25.1std/quartus/eda/sim_lib/cycloneiv_pcie_hip_atoms.v(309): Carriage return (0x0D) is not followed by a newline (0x0A).
QuestaSim Warning: # ** Warning: (vlog-2083) c:/altera_lite/25.1std/quartus/eda/sim_lib/cycloneiv_pcie_hip_atoms.v(310): Carriage return (0x0D) is not followed by a newline (0x0A).
QuestaSim Warning: # ** Warning: (vlog-2083) c:/altera_lite/25.1std/quartus/eda/sim_lib/cycloneiv_pcie_hip_atoms.v(312): Carriage return (0x0D) is not followed by a newline (0x0A).
QuestaSim Warning: # ** Warning: (vlog-2083) c:/altera_lite/25.1std/quartus/eda/sim_lib/cycloneiv_pcie_hip_atoms.v(317): Carriage return (0x0D) is not followed by a newline (0x0A).
QuestaSim Warning: # ** Warning: (vlog-2083) c:/altera_lite/25.1std/quartus/eda/sim_lib/cycloneiv_pcie_hip_atoms.v(322): Carriage return (0x0D) is not followed by a newline (0x0A).
QuestaSim Warning: # ** Warning: (vlog-2083) c:/altera_lite/25.1std/quartus/eda/sim_lib/cycloneiv_pcie_hip_atoms.v(327): Carriage return (0x0D) is not followed by a newline (0x0A).
QuestaSim Warning: # ** Warning: (vlog-2083) c:/altera_lite/25.1std/quartus/eda/sim_lib/cycloneiv_pcie_hip_atoms.v(334): Carriage return (0x0D) is not followed by a newline (0x0A).
QuestaSim Warning: # ** Warning: (vlog-2083) c:/altera_lite/25.1std/quartus/eda/sim_lib/cycloneiv_pcie_hip_atoms.v(337): Carriage return (0x0D) is not followed by a newline (0x0A).
QuestaSim Warning: # ** Warning: (vlog-2083) c:/altera_lite/25.1std/quartus/eda/sim_lib/cycloneiv_pcie_hip_atoms.v(352): Carriage return (0x0D) is not followed by a newline (0x0A).
QuestaSim Warning: # ** Warning: (vlog-2083) c:/altera_lite/25.1std/quartus/eda/sim_lib/cycloneiv_pcie_hip_atoms.v(353): Carriage return (0x0D) is not followed by a newline (0x0A).
QuestaSim Warning: # ** Warning: (vlog-2083) c:/altera_lite/25.1std/quartus/eda/sim_lib/cycloneiv_pcie_hip_atoms.v(359): Carriage return (0x0D) is not followed by a newline (0x0A).
QuestaSim Warning: # ** Warning: (vlog-2083) c:/altera_lite/25.1std/quartus/eda/sim_lib/cycloneiv_pcie_hip_atoms.v(360): Carriage return (0x0D) is not followed by a newline (0x0A).
QuestaSim Warning: # ** Warning: (vlog-2083) c:/altera_lite/25.1std/quartus/eda/sim_lib/cycloneiv_pcie_hip_atoms.v(362): Carriage return (0x0D) is not followed by a newline (0x0A).
QuestaSim Warning: # ** Warning: (vlog-2083) c:/altera_lite/25.1std/quartus/eda/sim_lib/cycloneiv_pcie_hip_atoms.v(363): Carriage return (0x0D) is not followed by a newline (0x0A).
QuestaSim Warning: # ** Warning: (vlog-2083) c:/altera_lite/25.1std/quartus/eda/sim_lib/cycloneiv_pcie_hip_atoms.v(374): Carriage return (0x0D) is not followed by a newline (0x0A).
QuestaSim Warning: # ** Warning: (vlog-2083) c:/altera_lite/25.1std/quartus/eda/sim_lib/cycloneiv_pcie_hip_atoms.v(375): Carriage return (0x0D) is not followed by a newline (0x0A).
QuestaSim Warning: # ** Warning: (vlog-2083) c:/altera_lite/25.1std/quartus/eda/sim_lib/cycloneiv_pcie_hip_atoms.v(376): Carriage return (0x0D) is not followed by a newline (0x0A).
QuestaSim Warning: # ** Warning: (vlog-2083) c:/altera_lite/25.1std/quartus/eda/sim_lib/cycloneiv_pcie_hip_atoms.v(489): Carriage return (0x0D) is not followed by a newline (0x0A).
QuestaSim Warning: # ** Warning: (vlog-2083) c:/altera_lite/25.1std/quartus/eda/sim_lib/cycloneiv_pcie_hip_atoms.v(490): Carriage return (0x0D) is not followed by a newline (0x0A).
QuestaSim Warning: # ** Warning: (vlog-2083) c:/altera_lite/25.1std/quartus/eda/sim_lib/cycloneiv_pcie_hip_atoms.v(491): Carriage return (0x0D) is not followed by a newline (0x0A).
QuestaSim Warning: # ** Warning: (vlog-2083) c:/altera_lite/25.1std/quartus/eda/sim_lib/cycloneiv_pcie_hip_atoms.v(493): Carriage return (0x0D) is not followed by a newline (0x0A).
QuestaSim Warning: # ** Warning: (vlog-2083) c:/altera_lite/25.1std/quartus/eda/sim_lib/cycloneiv_pcie_hip_atoms.v(503): Carriage return (0x0D) is not followed by a newline (0x0A).
QuestaSim Warning: # ** Warning: (vlog-2083) c:/altera_lite/25.1std/quartus/eda/sim_lib/cycloneiv_pcie_hip_atoms.v(504): Carriage return (0x0D) is not followed by a newline (0x0A).
QuestaSim Warning: # ** Warning: (vlog-2083) c:/altera_lite/25.1std/quartus/eda/sim_lib/cycloneiv_pcie_hip_atoms.v(507): Carriage return (0x0D) is not followed by a newline (0x0A).
QuestaSim Warning: # ** Warning: (vlog-2083) c:/altera_lite/25.1std/quartus/eda/sim_lib/cycloneiv_pcie_hip_atoms.v(509): Carriage return (0x0D) is not followed by a newline (0x0A).
QuestaSim Warning: # ** Warning: (vlog-2083) c:/altera_lite/25.1std/quartus/eda/sim_lib/cycloneiv_pcie_hip_atoms.v(521): Carriage return (0x0D) is not followed by a newline (0x0A).
QuestaSim Warning: # ** Warning: (vlog-2083) c:/altera_lite/25.1std/quartus/eda/sim_lib/cycloneiv_pcie_hip_atoms.v(557): Carriage return (0x0D) is not followed by a newline (0x0A).
QuestaSim Warning: # ** Warning: (vlog-2083) c:/altera_lite/25.1std/quartus/eda/sim_lib/cycloneiv_pcie_hip_atoms.v(559): Carriage return (0x0D) is not followed by a newline (0x0A).
QuestaSim Warning: # ** Warning: (vlog-2083) c:/altera_lite/25.1std/quartus/eda/sim_lib/cycloneiv_pcie_hip_atoms.v(570): Carriage return (0x0D) is not followed by a newline (0x0A).
QuestaSim Warning: # ** Warning: (vlog-2083) c:/altera_lite/25.1std/quartus/eda/sim_lib/cycloneiv_pcie_hip_atoms.v(571): Carriage return (0x0D) is not followed by a newline (0x0A).
QuestaSim Warning: # ** Warning: (vlog-2083) c:/altera_lite/25.1std/quartus/eda/sim_lib/cycloneiv_pcie_hip_atoms.v(572): Carriage return (0x0D) is not followed by a newline (0x0A).
QuestaSim Warning: # ** Warning: (vlog-2083) c:/altera_lite/25.1std/quartus/eda/sim_lib/cycloneiv_pcie_hip_atoms.v(573): Carriage return (0x0D) is not followed by a newline (0x0A).
QuestaSim Warning: # ** Warning: (vlog-2083) c:/altera_lite/25.1std/quartus/eda/sim_lib/cycloneiv_pcie_hip_atoms.v(574): Carriage return (0x0D) is not followed by a newline (0x0A).
QuestaSim Warning: # ** Warning: (vlog-2083) c:/altera_lite/25.1std/quartus/eda/sim_lib/cycloneiv_pcie_hip_atoms.v(575): Carriage return (0x0D) is not followed by a newline (0x0A).
QuestaSim Warning: # ** Warning: (vlog-2083) c:/altera_lite/25.1std/quartus/eda/sim_lib/cycloneiv_pcie_hip_atoms.v(578): Carriage return (0x0D) is not followed by a newline (0x0A).
QuestaSim Warning: # ** Warning: (vlog-2083) c:/altera_lite/25.1std/quartus/eda/sim_lib/cycloneiv_pcie_hip_atoms.v(579): Carriage return (0x0D) is not followed by a newline (0x0A).
QuestaSim Warning: # ** Warning: (vlog-2083) c:/altera_lite/25.1std/quartus/eda/sim_lib/cycloneiv_pcie_hip_atoms.v(580): Carriage return (0x0D) is not followed by a newline (0x0A).
QuestaSim Warning: # ** Warning: (vlog-2083) c:/altera_lite/25.1std/quartus/eda/sim_lib/cycloneiv_pcie_hip_atoms.v(582): Carriage return (0x0D) is not followed by a newline (0x0A).
QuestaSim Warning: # ** Warning: (vlog-2083) c:/altera_lite/25.1std/quartus/eda/sim_lib/cycloneiv_pcie_hip_atoms.v(584): Carriage return (0x0D) is not followed by a newline (0x0A).
QuestaSim Warning: # ** Warning: (vlog-2083) c:/altera_lite/25.1std/quartus/eda/sim_lib/cycloneiv_pcie_hip_atoms.v(597): Carriage return (0x0D) is not followed by a newline (0x0A).
QuestaSim Warning: # ** Warning: (vlog-2083) c:/altera_lite/25.1std/quartus/eda/sim_lib/cycloneiv_pcie_hip_atoms.v(609): Carriage return (0x0D) is not followed by a newline (0x0A).
QuestaSim Warning: # ** Warning: (vlog-2083) c:/altera_lite/25.1std/quartus/eda/sim_lib/cycloneiv_pcie_hip_atoms.v(654): Carriage return (0x0D) is not followed by a newline (0x0A).
QuestaSim Warning: # ** Warning: (vlog-2083) c:/altera_lite/25.1std/quartus/eda/sim_lib/cycloneiv_pcie_hip_atoms.v(656): Carriage return (0x0D) is not followed by a newline (0x0A).
QuestaSim Warning: # ** Warning: (vlog-2083) c:/altera_lite/25.1std/quartus/eda/sim_lib/cycloneiv_pcie_hip_atoms.v(669): Carriage return (0x0D) is not followed by a newline (0x0A).
QuestaSim Warning: # ** Warning: (vlog-2083) c:/altera_lite/25.1std/quartus/eda/sim_lib/cycloneiv_pcie_hip_atoms.v(672): Carriage return (0x0D) is not followed by a newline (0x0A).
QuestaSim Warning: # ** Warning: (vlog-2083) c:/altera_lite/25.1std/quartus/eda/sim_lib/cycloneiv_pcie_hip_atoms.v(677): Carriage return (0x0D) is not followed by a newline (0x0A).
QuestaSim Warning: # ** Warning: (vlog-2083) c:/altera_lite/25.1std/quartus/eda/sim_lib/cycloneiv_pcie_hip_atoms.v(679): Carriage return (0x0D) is not followed by a newline (0x0A).
QuestaSim Warning: # ** Warning: (vlog-2083) c:/altera_lite/25.1std/quartus/eda/sim_lib/cycloneiv_pcie_hip_atoms.v(694): Carriage return (0x0D) is not followed by a newline (0x0A).
QuestaSim Warning: # ** Warning: (vlog-2083) c:/altera_lite/25.1std/quartus/eda/sim_lib/cycloneiv_pcie_hip_atoms.v(702): Carriage return (0x0D) is not followed by a newline (0x0A).
QuestaSim Warning: # ** Warning: (vlog-2083) c:/altera_lite/25.1std/quartus/eda/sim_lib/cycloneiv_pcie_hip_atoms.v(721): Carriage return (0x0D) is not followed by a newline (0x0A).
QuestaSim Warning: # ** Warning: (vlog-2083) c:/altera_lite/25.1std/quartus/eda/sim_lib/cycloneiv_pcie_hip_atoms.v(722): Carriage return (0x0D) is not followed by a newline (0x0A).
QuestaSim Warning: # ** Warning: (vlog-2083) c:/altera_lite/25.1std/quartus/eda/sim_lib/cycloneiv_pcie_hip_atoms.v(725): Carriage return (0x0D) is not followed by a newline (0x0A).
QuestaSim Warning: # ** Warning: (vlog-2083) c:/altera_lite/25.1std/quartus/eda/sim_lib/cycloneiv_pcie_hip_atoms.v(731): Carriage return (0x0D) is not followed by a newline (0x0A).
QuestaSim Warning: # ** Warning: (vlog-2083) c:/altera_lite/25.1std/quartus/eda/sim_lib/cycloneiv_pcie_hip_atoms.v(785): Carriage return (0x0D) is not followed by a newline (0x0A).
QuestaSim Warning: # ** Warning: (vlog-2083) c:/altera_lite/25.1std/quartus/eda/sim_lib/cycloneiv_pcie_hip_atoms.v(800): Carriage return (0x0D) is not followed by a newline (0x0A).
QuestaSim Warning: # ** Warning: (vlog-2083) c:/altera_lite/25.1std/quartus/eda/sim_lib/cycloneiv_pcie_hip_atoms.v(801): Carriage return (0x0D) is not followed by a newline (0x0A).
QuestaSim Warning: # ** Warning: (vlog-2083) c:/altera_lite/25.1std/quartus/eda/sim_lib/cycloneiv_pcie_hip_atoms.v(802): Carriage return (0x0D) is not followed by a newline (0x0A).
QuestaSim Warning: # ** Warning: (vlog-2083) c:/altera_lite/25.1std/quartus/eda/sim_lib/cycloneiv_pcie_hip_atoms.v(803): Carriage return (0x0D) is not followed by a newline (0x0A).
QuestaSim Warning: # ** Warning: (vlog-2083) c:/altera_lite/25.1std/quartus/eda/sim_lib/cycloneiv_pcie_hip_atoms.v(804): Carriage return (0x0D) is not followed by a newline (0x0A).
QuestaSim Warning: # ** Warning: (vlog-2083) c:/altera_lite/25.1std/quartus/eda/sim_lib/cycloneiv_pcie_hip_atoms.v(806): Carriage return (0x0D) is not followed by a newline (0x0A).
QuestaSim Warning: # ** Warning: (vlog-2083) c:/altera_lite/25.1std/quartus/eda/sim_lib/cycloneiv_pcie_hip_atoms.v(807): Carriage return (0x0D) is not followed by a newline (0x0A).
QuestaSim Warning: # ** Warning: (vlog-2083) c:/altera_lite/25.1std/quartus/eda/sim_lib/cycloneiv_pcie_hip_atoms.v(808): Carriage return (0x0D) is not followed by a newline (0x0A).
QuestaSim Warning: # ** Warning: (vlog-2083) c:/altera_lite/25.1std/quartus/eda/sim_lib/cycloneiv_pcie_hip_atoms.v(809): Carriage return (0x0D) is not followed by a newline (0x0A).
QuestaSim Warning: # ** Warning: (vlog-2083) c:/altera_lite/25.1std/quartus/eda/sim_lib/cycloneiv_pcie_hip_atoms.v(810): Carriage return (0x0D) is not followed by a newline (0x0A).
QuestaSim Warning: # ** Warning: (vlog-2083) c:/altera_lite/25.1std/quartus/eda/sim_lib/cycloneiv_pcie_hip_atoms.v(812): Carriage return (0x0D) is not followed by a newline (0x0A).
QuestaSim Warning: # ** Warning: (vlog-2083) c:/altera_lite/25.1std/quartus/eda/sim_lib/cycloneiv_pcie_hip_atoms.v(813): Carriage return (0x0D) is not followed by a newline (0x0A).
QuestaSim Warning: # ** Warning: (vlog-2083) c:/altera_lite/25.1std/quartus/eda/sim_lib/cycloneiv_pcie_hip_atoms.v(820): Carriage return (0x0D) is not followed by a newline (0x0A).
QuestaSim Warning: # ** Warning: (vlog-2083) c:/altera_lite/25.1std/quartus/eda/sim_lib/cycloneiv_pcie_hip_atoms.v(821): Carriage return (0x0D) is not followed by a newline (0x0A).
QuestaSim Warning: # ** Warning: (vlog-2083) c:/altera_lite/25.1std/quartus/eda/sim_lib/cycloneiv_pcie_hip_atoms.v(822): Carriage return (0x0D) is not followed by a newline (0x0A).
QuestaSim Warning: # ** Warning: (vlog-2083) c:/altera_lite/25.1std/quartus/eda/sim_lib/cycloneiv_pcie_hip_atoms.v(823): Carriage return (0x0D) is not followed by a newline (0x0A).
QuestaSim Warning: # ** Warning: (vlog-2083) c:/altera_lite/25.1std/quartus/eda/sim_lib/cycloneiv_pcie_hip_atoms.v(824): Carriage return (0x0D) is not followed by a newline (0x0A).
QuestaSim Warning: # ** Warning: (vlog-2083) c:/altera_lite/25.1std/quartus/eda/sim_lib/cycloneiv_pcie_hip_atoms.v(826): Carriage return (0x0D) is not followed by a newline (0x0A).
QuestaSim Warning: # ** Warning: (vlog-2083) c:/altera_lite/25.1std/quartus/eda/sim_lib/cycloneiv_pcie_hip_atoms.v(827): Carriage return (0x0D) is not followed by a newline (0x0A).
QuestaSim Warning: # ** Warning: (vlog-2083) c:/altera_lite/25.1std/quartus/eda/sim_lib/cycloneiv_pcie_hip_atoms.v(829): Carriage return (0x0D) is not followed by a newline (0x0A).
QuestaSim Warning: # ** Warning: (vlog-2083) c:/altera_lite/25.1std/quartus/eda/sim_lib/cycloneiv_pcie_hip_atoms.v(830): Carriage return (0x0D) is not followed by a newline (0x0A).
QuestaSim Warning: # ** Warning: (vlog-2083) c:/altera_lite/25.1std/quartus/eda/sim_lib/cycloneiv_pcie_hip_atoms.v(831): Carriage return (0x0D) is not followed by a newline (0x0A).
QuestaSim Warning: # ** Warning: (vlog-2083) c:/altera_lite/25.1std/quartus/eda/sim_lib/cycloneiv_pcie_hip_atoms.v(833): Carriage return (0x0D) is not followed by a newline (0x0A).
QuestaSim Warning: # ** Warning: (vlog-2083) c:/altera_lite/25.1std/quartus/eda/sim_lib/cycloneiv_pcie_hip_atoms.v(834): Carriage return (0x0D) is not followed by a newline (0x0A).
QuestaSim Warning: # ** Warning: (vlog-2083) c:/altera_lite/25.1std/quartus/eda/sim_lib/cycloneiv_pcie_hip_atoms.v(841): Carriage return (0x0D) is not followed by a newline (0x0A).
QuestaSim Warning: # ** Warning: (vlog-2083) c:/altera_lite/25.1std/quartus/eda/sim_lib/cycloneiv_pcie_hip_atoms.v(842): Carriage return (0x0D) is not followed by a newline (0x0A).
QuestaSim Warning: # ** Warning: (vlog-2083) c:/altera_lite/25.1std/quartus/eda/sim_lib/cycloneiv_pcie_hip_atoms.v(843): Carriage return (0x0D) is not followed by a newline (0x0A).
QuestaSim Warning: # ** Warning: (vlog-2083) c:/altera_lite/25.1std/quartus/eda/sim_lib/cycloneiv_pcie_hip_atoms.v(844): Carriage return (0x0D) is not followed by a newline (0x0A).
QuestaSim Warning: # ** Warning: (vlog-2083) c:/altera_lite/25.1std/quartus/eda/sim_lib/cycloneiv_pcie_hip_atoms.v(845): Carriage return (0x0D) is not followed by a newline (0x0A).
QuestaSim Warning: # ** Warning: (vlog-2083) c:/altera_lite/25.1std/quartus/eda/sim_lib/cycloneiv_pcie_hip_atoms.v(847): Carriage return (0x0D) is not followed by a newline (0x0A).
QuestaSim Warning: # ** Warning: (vlog-2083) c:/altera_lite/25.1std/quartus/eda/sim_lib/cycloneiv_pcie_hip_atoms.v(848): Carriage return (0x0D) is not followed by a newline (0x0A).
QuestaSim Warning: # ** Warning: (vlog-2083) c:/altera_lite/25.1std/quartus/eda/sim_lib/cycloneiv_pcie_hip_atoms.v(850): Carriage return (0x0D) is not followed by a newline (0x0A).
QuestaSim Warning: # ** Warning: (vlog-2083) c:/altera_lite/25.1std/quartus/eda/sim_lib/cycloneiv_pcie_hip_atoms.v(851): Carriage return (0x0D) is not followed by a newline (0x0A).
QuestaSim Warning: # ** Warning: (vlog-2083) c:/altera_lite/25.1std/quartus/eda/sim_lib/cycloneiv_pcie_hip_atoms.v(852): Carriage return (0x0D) is not followed by a newline (0x0A).
QuestaSim Warning: # ** Warning: (vlog-2083) c:/altera_lite/25.1std/quartus/eda/sim_lib/cycloneiv_pcie_hip_atoms.v(854): Carriage return (0x0D) is not followed by a newline (0x0A).
QuestaSim Warning: # ** Warning: (vlog-2083) c:/altera_lite/25.1std/quartus/eda/sim_lib/cycloneiv_pcie_hip_atoms.v(855): Carriage return (0x0D) is not followed by a newline (0x0A).
QuestaSim Warning: # ** Warning: (vlog-2083) c:/altera_lite/25.1std/quartus/eda/sim_lib/cycloneiv_pcie_hip_atoms.v(875): Carriage return (0x0D) is not followed by a newline (0x0A).
QuestaSim Warning: # ** Warning: (vlog-2083) c:/altera_lite/25.1std/quartus/eda/sim_lib/cycloneiv_pcie_hip_atoms.v(885): Carriage return (0x0D) is not followed by a newline (0x0A).
QuestaSim Warning: # ** Warning: (vlog-2083) c:/altera_lite/25.1std/quartus/eda/sim_lib/cycloneiv_pcie_hip_atoms.v(891): Carriage return (0x0D) is not followed by a newline (0x0A).
QuestaSim Warning: # ** Warning: (vlog-2083) c:/altera_lite/25.1std/quartus/eda/sim_lib/cycloneiv_pcie_hip_atoms.v(892): Carriage return (0x0D) is not followed by a newline (0x0A).
QuestaSim Warning: # ** Warning: (vlog-2083) c:/altera_lite/25.1std/quartus/eda/sim_lib/cycloneiv_pcie_hip_atoms.v(895): Carriage return (0x0D) is not followed by a newline (0x0A).
QuestaSim Warning: # ** Warning: (vlog-2083) c:/altera_lite/25.1std/quartus/eda/sim_lib/cycloneiv_pcie_hip_atoms.v(897): Carriage return (0x0D) is not followed by a newline (0x0A).
QuestaSim Warning: # ** Warning: (vlog-2083) c:/altera_lite/25.1std/quartus/eda/sim_lib/cycloneiv_pcie_hip_atoms.v(901): Carriage return (0x0D) is not followed by a newline (0x0A).
QuestaSim Warning: # ** Warning: (vlog-2083) c:/altera_lite/25.1std/quartus/eda/sim_lib/cycloneiv_pcie_hip_atoms.v(902): Carriage return (0x0D) is not followed by a newline (0x0A).
QuestaSim Warning: # ** Warning: (vlog-2083) c:/altera_lite/25.1std/quartus/eda/sim_lib/cycloneiv_pcie_hip_atoms.v(903): Carriage return (0x0D) is not followed by a newline (0x0A).
QuestaSim Warning: # ** Warning: (vlog-2083) c:/altera_lite/25.1std/quartus/eda/sim_lib/cycloneiv_pcie_hip_atoms.v(905): Carriage return (0x0D) is not followed by a newline (0x0A).
QuestaSim Warning: # ** Warning: (vlog-2083) c:/altera_lite/25.1std/quartus/eda/sim_lib/cycloneiv_pcie_hip_atoms.v(910): Carriage return (0x0D) is not followed by a newline (0x0A).
QuestaSim Warning: # ** Warning: (vlog-2083) c:/altera_lite/25.1std/quartus/eda/sim_lib/cycloneiv_pcie_hip_atoms.v(927): Carriage return (0x0D) is not followed by a newline (0x0A).
QuestaSim Warning: # ** Warning: (vlog-2083) c:/altera_lite/25.1std/quartus/eda/sim_lib/cycloneiv_pcie_hip_atoms.v(928): Carriage return (0x0D) is not followed by a newline (0x0A).
QuestaSim Warning: # ** Warning: (vlog-2083) c:/altera_lite/25.1std/quartus/eda/sim_lib/cycloneiv_pcie_hip_atoms.v(953): Carriage return (0x0D) is not followed by a newline (0x0A).
QuestaSim Warning: # ** Warning: (vlog-2083) c:/altera_lite/25.1std/quartus/eda/sim_lib/cycloneiv_pcie_hip_atoms.v(954): Carriage return (0x0D) is not followed by a newline (0x0A).
QuestaSim Warning: # ** Warning: (vlog-2083) c:/altera_lite/25.1std/quartus/eda/sim_lib/cycloneiv_pcie_hip_atoms.v(955): Carriage return (0x0D) is not followed by a newline (0x0A).
QuestaSim Warning: # ** Warning: (vlog-2083) c:/altera_lite/25.1std/quartus/eda/sim_lib/cycloneiv_pcie_hip_atoms.v(964): Carriage return (0x0D) is not followed by a newline (0x0A).
QuestaSim Warning: # ** Warning: (vlog-2083) c:/altera_lite/25.1std/quartus/eda/sim_lib/cycloneiv_pcie_hip_atoms.v(965): Carriage return (0x0D) is not followed by a newline (0x0A).
QuestaSim Warning: # ** Warning: (vlog-2083) c:/altera_lite/25.1std/quartus/eda/sim_lib/cycloneiv_pcie_hip_atoms.v(972): Carriage return (0x0D) is not followed by a newline (0x0A).
QuestaSim Warning: # ** Warning: (vlog-2083) c:/altera_lite/25.1std/quartus/eda/sim_lib/cycloneiv_pcie_hip_atoms.v(982): Carriage return (0x0D) is not followed by a newline (0x0A).
QuestaSim Warning: # ** Warning: (vlog-2083) c:/altera_lite/25.1std/quartus/eda/sim_lib/cycloneiv_pcie_hip_atoms.v(989): Carriage return (0x0D) is not followed by a newline (0x0A).
QuestaSim Warning: # ** Warning: (vlog-2083) c:/altera_lite/25.1std/quartus/eda/sim_lib/cycloneiv_pcie_hip_atoms.v(1078): Carriage return (0x0D) is not followed by a newline (0x0A).
QuestaSim Warning: # ** Warning: (vlog-2083) c:/altera_lite/25.1std/quartus/eda/sim_lib/cycloneiv_pcie_hip_atoms.v(1081): Carriage return (0x0D) is not followed by a newline (0x0A).
QuestaSim Warning: # ** Warning: (vlog-2083) c:/altera_lite/25.1std/quartus/eda/sim_lib/cycloneiv_pcie_hip_atoms.v(1096): Carriage return (0x0D) is not followed by a newline (0x0A).
QuestaSim Warning: # ** Warning: (vlog-2083) c:/altera_lite/25.1std/quartus/eda/sim_lib/cycloneiv_pcie_hip_atoms.v(1097): Carriage return (0x0D) is not followed by a newline (0x0A).
QuestaSim Warning: # ** Warning: (vlog-2083) c:/altera_lite/25.1std/quartus/eda/sim_lib/cycloneiv_pcie_hip_atoms.v(1098): Carriage return (0x0D) is not followed by a newline (0x0A).
QuestaSim Warning: # ** Warning: (vlog-2083) c:/altera_lite/25.1std/quartus/eda/sim_lib/cycloneiv_pcie_hip_atoms.v(1213): Carriage return (0x0D) is not followed by a newline (0x0A).
QuestaSim Info: # -- Compiling module cycloneiv_pciehip_clkmux
QuestaSim Info: # -- Compiling module cycloneiv_pciehip_dprio_bit
QuestaSim Info: # -- Compiling module cycloneiv_pciehip_dprio_16bit
QuestaSim Info: # -- Compiling module cycloneiv_pciehip_dprio_addr
QuestaSim Info: # -- Compiling module cycloneiv_pciehip_dprio_cnt
QuestaSim Info: # -- Compiling module cycloneiv_pciehip_dprio_ctl_data
QuestaSim Info: # -- Compiling module cycloneiv_pciehip_dprio_sm
QuestaSim Info: # -- Compiling module cycloneiv_pciehip_dprio_bus_out_mux
QuestaSim Info: # -- Compiling module cycloneiv_pciehip_dprio_reg
QuestaSim Info: # -- Compiling module cycloneiv_pciehip_dprio_reg_top
QuestaSim Info: # -- Compiling module cycloneiv_pciehip_hip_dprio_top
QuestaSim Info: # -- Compiling module cycloneiv_pciehip_compute_bit
QuestaSim Info: # -- Compiling module cycloneiv_pciehip_ecc_gen
QuestaSim Info: # -- Compiling module cycloneiv_pciehip_ecc_chk
QuestaSim Info: # -- Compiling module cycloneiv_pciehip_ecc_decoder
QuestaSim Info: # -- Compiling module cycloneiv_pciehip_pulse_ext
QuestaSim Info: # -- Compiling module cycloneiv_pciehip_hip_mram
QuestaSim Info: # -- Compiling module cycloneiv_pciehip_mram_top
QuestaSim Info: # -- Compiling module cycloneiv_pciehip_pciexp_dcfiforam
QuestaSim Info: # -- Compiling module cycloneiv_pciehip_pciexp_dcram_rtry
QuestaSim Info: # -- Compiling module cycloneiv_pciehip_pciexp_dcram_rxvc
QuestaSim Info: # -- Compiling module cycloneiv_pciehip_iei_detect
QuestaSim Info: # -- Compiling module cycloneiv_pciehip_pciexp_top_hip
QuestaSim Info: # -- Compiling module cycloneiv_pciehip_hip_top
QuestaSim Info: # -- Compiling module cycloneiv_hssi_pcie_hip
QuestaSim Info: # 
QuestaSim Info: # Top level modules:
QuestaSim Info: # 	cycloneiv_hssi_pcie_hip
QuestaSim Info: # End time: 15:22:41 on Aug 26,2026, Elapsed time: 0:00:02
QuestaSim Info: # Errors: 0, Warnings: 170
QuestaSim Info: # 
QuestaSim Info: # vlib verilog_libs/cycloneiv_ver
QuestaSim Info: # vmap cycloneiv_ver ./verilog_libs/cycloneiv_ver
QuestaSim Info: # Questa Altera Starter FPGA Edition-64 vmap 2025.2 Lib Mapping Utility 2025.05 May 31 2025
QuestaSim Info: # vmap cycloneiv_ver ./verilog_libs/cycloneiv_ver 
QuestaSim Info: # ** Note: (vmap-220) 'modelsim.ini' is used as the ini file.
QuestaSim Info: # Modifying modelsim.ini
QuestaSim Info: # vlog  -work cycloneiv_ver {c:/altera_lite/25.1std/quartus/eda/sim_lib/cycloneiv_atoms.v}
QuestaSim Info: # Questa Altera Starter FPGA Edition-64 vlog 2025.2 Compiler 2025.05 May 31 2025
QuestaSim Info: # Start time: 15:22:42 on Aug 26,2026
QuestaSim Info: # vlog -reportprogress 300 -work cycloneiv_ver c:/altera_lite/25.1std/quartus/eda/sim_lib/cycloneiv_atoms.v 
QuestaSim Info: # ** Note: (vlog-220) 'modelsim.ini' is used as the ini file.
QuestaSim Info: # -- Compiling UDP CYCLONEIV_PRIM_DFFE
QuestaSim Info: # -- Compiling UDP CYCLONEIV_PRIM_DFFEAS
QuestaSim Info: # -- Compiling UDP CYCLONEIV_PRIM_DFFEAS_HIGH
QuestaSim Info: # -- Compiling module cycloneiv_dffe
QuestaSim Info: # -- Compiling module cycloneiv_mux21
QuestaSim Info: # -- Compiling module cycloneiv_mux41
QuestaSim Info: # -- Compiling module cycloneiv_and1
QuestaSim Info: # -- Compiling module cycloneiv_and16
QuestaSim Info: # -- Compiling module cycloneiv_bmux21
QuestaSim Info: # -- Compiling module cycloneiv_b17mux21
QuestaSim Info: # -- Compiling module cycloneiv_nmux21
QuestaSim Info: # -- Compiling module cycloneiv_b5mux21
QuestaSim Info: # -- Compiling module cycloneiv_latch
QuestaSim Info: # -- Compiling module cycloneiv_routing_wire
QuestaSim Info: # -- Compiling module cycloneiv_lcell_comb
QuestaSim Info: # -- Compiling module cycloneiv_io_ibuf
QuestaSim Info: # -- Compiling module cycloneiv_io_obuf
QuestaSim Info: # -- Compiling module cycloneiv_ddio_out
QuestaSim Info: # -- Compiling module cycloneiv_ddio_oe
QuestaSim Info: # -- Compiling module cycloneiv_ff
QuestaSim Info: # -- Compiling module cycloneiv_ram_pulse_generator
QuestaSim Info: # -- Compiling module cycloneiv_ram_register
QuestaSim Info: # -- Compiling module cycloneiv_ram_block
QuestaSim Info: # -- Compiling module cycloneiv_mac_data_reg
QuestaSim Info: # -- Compiling module cycloneiv_mac_sign_reg
QuestaSim Info: # -- Compiling module cycloneiv_mac_mult_internal
QuestaSim Info: # -- Compiling module cycloneiv_mac_mult
QuestaSim Info: # -- Compiling module cycloneiv_mac_out
QuestaSim Info: # -- Compiling module cycloneiv_io_pad
QuestaSim Info: # -- Compiling module cycloneiv_ena_reg
QuestaSim Info: # -- Compiling module cycloneiv_clkctrl
QuestaSim Info: # -- Compiling module cycloneiv_pseudo_diff_out
QuestaSim Info: # -- Compiling module cycloneiv_rublock
QuestaSim Info: # -- Compiling module cycloneiv_termination_ctrl
QuestaSim Info: # -- Compiling module cycloneiv_termination_rupdn
QuestaSim Info: # -- Compiling module cycloneiv_termination
QuestaSim Info: # -- Compiling module cycloneiv_jtag
QuestaSim Info: # -- Compiling module cycloneiv_crcblock
QuestaSim Info: # -- Compiling module cycloneiv_oscillator
QuestaSim Info: # -- Compiling module cycloneiv_controller
QuestaSim Info: # -- Compiling module cycloneiv_asmiblock
QuestaSim Info: # -- Compiling module cycloneiv_m_cntr
QuestaSim Info: # -- Compiling module cycloneiv_n_cntr
QuestaSim Info: # -- Compiling module cycloneiv_scale_cntr
QuestaSim Info: # -- Compiling module cycloneiv_post_divider
QuestaSim Info: # -- Compiling module cycloneiv_pll_reg
QuestaSim Info: # -- Compiling module cycloneiv_pll
QuestaSim Info: # 
QuestaSim Info: # Top level modules:
QuestaSim Info: # 	cycloneiv_dffe
QuestaSim Info: # 	cycloneiv_and1
QuestaSim Info: # 	cycloneiv_and16
QuestaSim Info: # 	cycloneiv_bmux21
QuestaSim Info: # 	cycloneiv_b17mux21
QuestaSim Info: # 	cycloneiv_nmux21
QuestaSim Info: # 	cycloneiv_b5mux21
QuestaSim Info: # 	cycloneiv_lcell_comb
QuestaSim Info: # 	cycloneiv_io_ibuf
QuestaSim Info: # 	cycloneiv_io_obuf
QuestaSim Info: # 	cycloneiv_ddio_out
QuestaSim Info: # 	cycloneiv_ddio_oe
QuestaSim Info: # 	cycloneiv_ff
QuestaSim Info: # 	cycloneiv_ram_block
QuestaSim Info: # 	cycloneiv_mac_mult
QuestaSim Info: # 	cycloneiv_mac_out
QuestaSim Info: # 	cycloneiv_io_pad
QuestaSim Info: # 	cycloneiv_clkctrl
QuestaSim Info: # 	cycloneiv_pseudo_diff_out
QuestaSim Info: # 	cycloneiv_rublock
QuestaSim Info: # 	cycloneiv_termination
QuestaSim Info: # 	cycloneiv_jtag
QuestaSim Info: # 	cycloneiv_crcblock
QuestaSim Info: # 	cycloneiv_oscillator
QuestaSim Info: # 	cycloneiv_controller
QuestaSim Info: # 	cycloneiv_asmiblock
QuestaSim Info: # 	cycloneiv_pll_reg
QuestaSim Info: # 	cycloneiv_pll
QuestaSim Info: # End time: 15:22:42 on Aug 26,2026, Elapsed time: 0:00:00
QuestaSim Info: # Errors: 0, Warnings: 0
QuestaSim Info: # 
QuestaSim Info: # if {[file exists gate_work]} {
QuestaSim Info: # 	vdel -lib gate_work -all
QuestaSim Info: # }
QuestaSim Info: # vlib gate_work
QuestaSim Info: # vmap work gate_work
QuestaSim Info: # Questa Altera Starter FPGA Edition-64 vmap 2025.2 Lib Mapping Utility 2025.05 May 31 2025
QuestaSim Info: # vmap work gate_work 
QuestaSim Info: # ** Note: (vmap-220) 'modelsim.ini' is used as the ini file.
QuestaSim Info: # Modifying modelsim.ini
QuestaSim Info: # 
QuestaSim Info: # vlog -sv -work work +incdir+. {banco_de_registadores_top.svo}
QuestaSim Info: # Questa Altera Starter FPGA Edition-64 vlog 2025.2 Compiler 2025.05 May 31 2025
QuestaSim Info: # Start time: 15:22:42 on Aug 26,2026
QuestaSim Info: # vlog -reportprogress 300 -sv -work work "+incdir+." banco_de_registadores_top.svo 
QuestaSim Info: # ** Note: (vlog-220) 'modelsim.ini' is used as the ini file.
QuestaSim Info: # -- Compiling module d_flip_flop
QuestaSim Info: # -- Compiling module hard_block
QuestaSim Info: # 
QuestaSim Info: # Top level modules:
QuestaSim Info: # 	d_flip_flop
QuestaSim Info: # End time: 15:22:42 on Aug 26,2026, Elapsed time: 0:00:00
QuestaSim Info: # Errors: 0, Warnings: 0
QuestaSim Info: # 
Info: NativeLink simulation flow was successful
