Analysis & Synthesis report for banco_de_registadores_top
Thu Oct 01 13:14:20 2026
Quartus II 64-Bit Version 13.0.1 Build 232 06/12/2013 Service Pack 1 SJ Web Edition


---------------------
; Table of Contents ;
---------------------
  1. Legal Notice
  2. Analysis & Synthesis Summary
  3. Analysis & Synthesis Settings
  4. Parallel Compilation
  5. Analysis & Synthesis Source Files Read
  6. Analysis & Synthesis Resource Usage Summary
  7. Analysis & Synthesis Resource Utilization by Entity
  8. General Register Statistics
  9. Elapsed Time Per Partition
 10. Analysis & Synthesis Messages



----------------
; Legal Notice ;
----------------
Copyright (C) 1991-2013 Altera Corporation
Your use of Altera Corporation's design tools, logic functions 
and other software and tools, and its AMPP partner logic 
functions, and any output files from any of the foregoing 
(including device programming or simulation files), and any 
associated documentation or information are expressly subject 
to the terms and conditions of the Altera Program License 
Subscription Agreement, Altera MegaCore Function License 
Agreement, or other applicable license agreement, including, 
without limitation, that your use is for the sole purpose of 
programming logic devices manufactured by Altera and sold by 
Altera or its authorized distributors.  Please refer to the 
applicable agreement for further details.



+--------------------------------------------------------------------------------------+
; Analysis & Synthesis Summary                                                         ;
+------------------------------------+-------------------------------------------------+
; Analysis & Synthesis Status        ; Successful - Thu Oct 01 13:14:20 2026           ;
; Quartus II 64-Bit Version          ; 13.0.1 Build 232 06/12/2013 SP 1 SJ Web Edition ;
; Revision Name                      ; banco_de_registadores_top                       ;
; Top-level Entity Name              ; encoder_8b10b                                   ;
; Family                             ; Cyclone IV E                                    ;
; Total logic elements               ; 71                                              ;
;     Total combinational functions  ; 71                                              ;
;     Dedicated logic registers      ; 11                                              ;
; Total registers                    ; 11                                              ;
; Total pins                         ; 21                                              ;
; Total virtual pins                 ; 0                                               ;
; Total memory bits                  ; 0                                               ;
; Embedded Multiplier 9-bit elements ; 0                                               ;
; Total PLLs                         ; 0                                               ;
+------------------------------------+-------------------------------------------------+


+-----------------------------------------------------------------------------------------------------------------------------+
; Analysis & Synthesis Settings                                                                                               ;
+----------------------------------------------------------------------------+--------------------+---------------------------+
; Option                                                                     ; Setting            ; Default Value             ;
+----------------------------------------------------------------------------+--------------------+---------------------------+
; Device                                                                     ; EP4CE115F29C7      ;                           ;
; Top-level entity name                                                      ; encoder_8b10b      ; banco_de_registadores_top ;
; Family name                                                                ; Cyclone IV E       ; Cyclone IV GX             ;
; Use smart compilation                                                      ; Off                ; Off                       ;
; Enable parallel Assembler and TimeQuest Timing Analyzer during compilation ; On                 ; On                        ;
; Enable compact report table                                                ; Off                ; Off                       ;
; Restructure Multiplexers                                                   ; Auto               ; Auto                      ;
; Create Debugging Nodes for IP Cores                                        ; Off                ; Off                       ;
; Preserve fewer node names                                                  ; On                 ; On                        ;
; Disable OpenCore Plus hardware evaluation                                  ; Off                ; Off                       ;
; Verilog Version                                                            ; Verilog_2001       ; Verilog_2001              ;
; VHDL Version                                                               ; VHDL_1993          ; VHDL_1993                 ;
; State Machine Processing                                                   ; Auto               ; Auto                      ;
; Safe State Machine                                                         ; Off                ; Off                       ;
; Extract Verilog State Machines                                             ; On                 ; On                        ;
; Extract VHDL State Machines                                                ; On                 ; On                        ;
; Ignore Verilog initial constructs                                          ; Off                ; Off                       ;
; Iteration limit for constant Verilog loops                                 ; 5000               ; 5000                      ;
; Iteration limit for non-constant Verilog loops                             ; 250                ; 250                       ;
; Add Pass-Through Logic to Inferred RAMs                                    ; On                 ; On                        ;
; Infer RAMs from Raw Logic                                                  ; On                 ; On                        ;
; Parallel Synthesis                                                         ; On                 ; On                        ;
; DSP Block Balancing                                                        ; Auto               ; Auto                      ;
; NOT Gate Push-Back                                                         ; On                 ; On                        ;
; Power-Up Don't Care                                                        ; On                 ; On                        ;
; Remove Redundant Logic Cells                                               ; Off                ; Off                       ;
; Remove Duplicate Registers                                                 ; On                 ; On                        ;
; Ignore CARRY Buffers                                                       ; Off                ; Off                       ;
; Ignore CASCADE Buffers                                                     ; Off                ; Off                       ;
; Ignore GLOBAL Buffers                                                      ; Off                ; Off                       ;
; Ignore ROW GLOBAL Buffers                                                  ; Off                ; Off                       ;
; Ignore LCELL Buffers                                                       ; Off                ; Off                       ;
; Ignore SOFT Buffers                                                        ; On                 ; On                        ;
; Limit AHDL Integers to 32 Bits                                             ; Off                ; Off                       ;
; Optimization Technique                                                     ; Balanced           ; Balanced                  ;
; Carry Chain Length                                                         ; 70                 ; 70                        ;
; Auto Carry Chains                                                          ; On                 ; On                        ;
; Auto Open-Drain Pins                                                       ; On                 ; On                        ;
; Perform WYSIWYG Primitive Resynthesis                                      ; Off                ; Off                       ;
; Auto ROM Replacement                                                       ; On                 ; On                        ;
; Auto RAM Replacement                                                       ; On                 ; On                        ;
; Auto DSP Block Replacement                                                 ; On                 ; On                        ;
; Auto Shift Register Replacement                                            ; Auto               ; Auto                      ;
; Allow Shift Register Merging across Hierarchies                            ; Auto               ; Auto                      ;
; Auto Clock Enable Replacement                                              ; On                 ; On                        ;
; Strict RAM Replacement                                                     ; Off                ; Off                       ;
; Allow Synchronous Control Signals                                          ; On                 ; On                        ;
; Force Use of Synchronous Clear Signals                                     ; Off                ; Off                       ;
; Auto RAM Block Balancing                                                   ; On                 ; On                        ;
; Auto RAM to Logic Cell Conversion                                          ; Off                ; Off                       ;
; Auto Resource Sharing                                                      ; Off                ; Off                       ;
; Allow Any RAM Size For Recognition                                         ; Off                ; Off                       ;
; Allow Any ROM Size For Recognition                                         ; Off                ; Off                       ;
; Allow Any Shift Register Size For Recognition                              ; Off                ; Off                       ;
; Use LogicLock Constraints during Resource Balancing                        ; On                 ; On                        ;
; Ignore translate_off and synthesis_off directives                          ; Off                ; Off                       ;
; Timing-Driven Synthesis                                                    ; On                 ; On                        ;
; Report Parameter Settings                                                  ; On                 ; On                        ;
; Report Source Assignments                                                  ; On                 ; On                        ;
; Report Connectivity Checks                                                 ; On                 ; On                        ;
; Ignore Maximum Fan-Out Assignments                                         ; Off                ; Off                       ;
; Synchronization Register Chain Length                                      ; 2                  ; 2                         ;
; PowerPlay Power Optimization                                               ; Normal compilation ; Normal compilation        ;
; HDL message level                                                          ; Level2             ; Level2                    ;
; Suppress Register Optimization Related Messages                            ; Off                ; Off                       ;
; Number of Removed Registers Reported in Synthesis Report                   ; 5000               ; 5000                      ;
; Number of Swept Nodes Reported in Synthesis Report                         ; 5000               ; 5000                      ;
; Number of Inverted Registers Reported in Synthesis Report                  ; 100                ; 100                       ;
; Clock MUX Protection                                                       ; On                 ; On                        ;
; Auto Gated Clock Conversion                                                ; Off                ; Off                       ;
; Block Design Naming                                                        ; Auto               ; Auto                      ;
; SDC constraint protection                                                  ; Off                ; Off                       ;
; Synthesis Effort                                                           ; Auto               ; Auto                      ;
; Shift Register Replacement - Allow Asynchronous Clear Signal               ; On                 ; On                        ;
; Pre-Mapping Resynthesis Optimization                                       ; Off                ; Off                       ;
; Analysis & Synthesis Message Level                                         ; Medium             ; Medium                    ;
; Disable Register Merging Across Hierarchies                                ; Auto               ; Auto                      ;
; Resource Aware Inference For Block RAM                                     ; On                 ; On                        ;
; Synthesis Seed                                                             ; 1                  ; 1                         ;
+----------------------------------------------------------------------------+--------------------+---------------------------+


Parallel compilation was disabled, but you have multiple processors available. Enable parallel compilation to reduce compilation time.
+-------------------------------------+
; Parallel Compilation                ;
+----------------------------+--------+
; Processors                 ; Number ;
+----------------------------+--------+
; Number detected on machine ; 4      ;
; Maximum allowed            ; 1      ;
+----------------------------+--------+


+--------------------------------------------------------------------------------------------------------------------------------------------------+
; Analysis & Synthesis Source Files Read                                                                                                           ;
+----------------------------------+-----------------+------------------------+----------------------------------------------------------+---------+
; File Name with User-Entered Path ; Used in Netlist ; File Type              ; File Name with Absolute Path                             ; Library ;
+----------------------------------+-----------------+------------------------+----------------------------------------------------------+---------+
; rtl/encoder_8b10b.v              ; yes             ; User Verilog HDL File  ; C:/Users/Manu/Desktop/SpaceFibre-SoC/rtl/encoder_8b10b.v ;         ;
; rtl/encoder_5b6b.v               ; yes             ; User Verilog HDL File  ; C:/Users/Manu/Desktop/SpaceFibre-SoC/rtl/encoder_5b6b.v  ;         ;
; rtl/encoder_3b4b.v               ; yes             ; User Verilog HDL File  ; C:/Users/Manu/Desktop/SpaceFibre-SoC/rtl/encoder_3b4b.v  ;         ;
+----------------------------------+-----------------+------------------------+----------------------------------------------------------+---------+


+------------------------------------------------------------+
; Analysis & Synthesis Resource Usage Summary                ;
+---------------------------------------------+--------------+
; Resource                                    ; Usage        ;
+---------------------------------------------+--------------+
; Estimated Total logic elements              ; 71           ;
;                                             ;              ;
; Total combinational functions               ; 71           ;
; Logic element usage by number of LUT inputs ;              ;
;     -- 4 input functions                    ; 60           ;
;     -- 3 input functions                    ; 7            ;
;     -- <=2 input functions                  ; 4            ;
;                                             ;              ;
; Logic elements by mode                      ;              ;
;     -- normal mode                          ; 71           ;
;     -- arithmetic mode                      ; 0            ;
;                                             ;              ;
; Total registers                             ; 11           ;
;     -- Dedicated logic registers            ; 11           ;
;     -- I/O registers                        ; 0            ;
;                                             ;              ;
; I/O pins                                    ; 21           ;
; Embedded Multiplier 9-bit elements          ; 0            ;
; Maximum fan-out node                        ; din[0]~input ;
; Maximum fan-out                             ; 28           ;
; Total fan-out                               ; 333          ;
; Average fan-out                             ; 2.69         ;
+---------------------------------------------+--------------+


+--------------------------------------------------------------------------------------------------------------------------------------------------------------------------------------------------+
; Analysis & Synthesis Resource Utilization by Entity                                                                                                                                              ;
+------------------------------+-------------------+--------------+-------------+--------------+---------+-----------+------+--------------+----------------------------------------+--------------+
; Compilation Hierarchy Node   ; LC Combinationals ; LC Registers ; Memory Bits ; DSP Elements ; DSP 9x9 ; DSP 18x18 ; Pins ; Virtual Pins ; Full Hierarchy Name                    ; Library Name ;
+------------------------------+-------------------+--------------+-------------+--------------+---------+-----------+------+--------------+----------------------------------------+--------------+
; |encoder_8b10b               ; 71 (0)            ; 11 (11)      ; 0           ; 0            ; 0       ; 0         ; 21   ; 0            ; |encoder_8b10b                         ; work         ;
;    |encoder_3b4b:u_enc_3b4b| ; 17 (17)           ; 0 (0)        ; 0           ; 0            ; 0       ; 0         ; 0    ; 0            ; |encoder_8b10b|encoder_3b4b:u_enc_3b4b ; work         ;
;    |encoder_5b6b:u_enc_5b6b| ; 54 (54)           ; 0 (0)        ; 0           ; 0            ; 0       ; 0         ; 0    ; 0            ; |encoder_8b10b|encoder_5b6b:u_enc_5b6b ; work         ;
+------------------------------+-------------------+--------------+-------------+--------------+---------+-----------+------+--------------+----------------------------------------+--------------+
Note: For table entries with two numbers listed, the numbers in parentheses indicate the number of resources of the given type used by the specific entity alone. The numbers listed outside of parentheses indicate the total resources of the given type used by the specific entity and all of its sub-entities in the hierarchy.


+------------------------------------------------------+
; General Register Statistics                          ;
+----------------------------------------------+-------+
; Statistic                                    ; Value ;
+----------------------------------------------+-------+
; Total registers                              ; 11    ;
; Number of registers using Synchronous Clear  ; 0     ;
; Number of registers using Synchronous Load   ; 0     ;
; Number of registers using Asynchronous Clear ; 11    ;
; Number of registers using Asynchronous Load  ; 0     ;
; Number of registers using Clock Enable       ; 0     ;
; Number of registers using Preset             ; 0     ;
+----------------------------------------------+-------+


+-------------------------------+
; Elapsed Time Per Partition    ;
+----------------+--------------+
; Partition Name ; Elapsed Time ;
+----------------+--------------+
; Top            ; 00:00:02     ;
+----------------+--------------+


+-------------------------------+
; Analysis & Synthesis Messages ;
+-------------------------------+
Info: *******************************************************************
Info: Running Quartus II 64-Bit Analysis & Synthesis
    Info: Version 13.0.1 Build 232 06/12/2013 Service Pack 1 SJ Web Edition
    Info: Processing started: Thu Oct 01 13:14:15 2026
Info: Command: quartus_map --read_settings_files=on --write_settings_files=off SpaceFibre-novo -c banco_de_registadores_top
Warning (20028): Parallel compilation is not licensed and has been disabled
Info (12021): Found 1 design units, including 1 entities, in source file rtl/encoder_8b10b.v
    Info (12023): Found entity 1: encoder_8b10b
Info (12021): Found 1 design units, including 1 entities, in source file rtl/encoder_5b6b.v
    Info (12023): Found entity 1: encoder_5b6b
Info (12021): Found 1 design units, including 1 entities, in source file rtl/encoder_3b4b.v
    Info (12023): Found entity 1: encoder_3b4b
Warning (12019): Can't analyze file -- file banco_de_registadores_top.v is missing
Warning (12019): Can't analyze file -- file tb_banco_registradores.sv is missing
Warning (12019): Can't analyze file -- file register_8bit.sv is missing
Warning (12019): Can't analyze file -- file mux_16to1_8bit.sv is missing
Warning (12019): Can't analyze file -- file decoder_4_to_16.sv is missing
Warning (12019): Can't analyze file -- file d_flip_flop.sv is missing
Warning (12019): Can't analyze file -- file banco_de_registadores_top.bdf is missing
Info (12127): Elaborating entity "encoder_8b10b" for the top level hierarchy
Info (12128): Elaborating entity "encoder_5b6b" for hierarchy "encoder_5b6b:u_enc_5b6b"
Info (12128): Elaborating entity "encoder_3b4b" for hierarchy "encoder_3b4b:u_enc_3b4b"
Info (286030): Timing-Driven Synthesis is running
Info (16010): Generating hard_block partition "hard_block:auto_generated_inst"
    Info (16011): Adding 0 node(s), including 0 DDIO, 0 PLL, 0 transceiver and 0 LCELL
Info (21057): Implemented 92 device resources after synthesis - the final resource count might be different
    Info (21058): Implemented 11 input pins
    Info (21059): Implemented 10 output pins
    Info (21061): Implemented 71 logic cells
Info: Quartus II 64-Bit Analysis & Synthesis was successful. 0 errors, 8 warnings
    Info: Peak virtual memory: 4583 megabytes
    Info: Processing ended: Thu Oct 01 13:14:20 2026
    Info: Elapsed time: 00:00:05
    Info: Total CPU time (on all processors): 00:00:03


