Flow report for banco_de_registadores_top
Mon Aug 31 14:04:26 2026
Quartus II 64-Bit Version 13.0.1 Build 232 06/12/2013 Service Pack 1 SJ Web Edition


---------------------
; Table of Contents ;
---------------------
  1. Legal Notice
  2. Flow Summary
  3. Flow Settings
  4. Flow Non-Default Global Settings
  5. Flow Elapsed Time
  6. Flow OS Summary
  7. Flow Log
  8. Flow Messages
  9. Flow Suppressed Messages



----------------
; Legal Notice ;
----------------
Copyright (C) 1991-2013 Altera Corporation
Your use of Altera Corporation's design tools, logic functions 
and other software and tools, and its AMPP partner logic 
functions, and any output files from any of the foregoing 
(including device programming or simulation files), and any 
associated documentation or information are expressly subject 
to the terms and conditions of the Altera Program License 
Subscription Agreement, Altera MegaCore Function License 
Agreement, or other applicable license agreement, including, 
without limitation, that your use is for the sole purpose of 
programming logic devices manufactured by Altera and sold by 
Altera or its authorized distributors.  Please refer to the 
applicable agreement for further details.



+--------------------------------------------------------------------------------------+
; Flow Summary                                                                         ;
+------------------------------------+-------------------------------------------------+
; Flow Status                        ; Successful - Mon Aug 31 14:04:26 2026           ;
; Quartus II 64-Bit Version          ; 13.0.1 Build 232 06/12/2013 SP 1 SJ Web Edition ;
; Revision Name                      ; banco_de_registadores_top                       ;
; Top-level Entity Name              ; banco_de_registadores_top                       ;
; Family                             ; Cyclone IV GX                                   ;
; Total logic elements               ; 192 / 21,280 ( < 1 % )                          ;
;     Total combinational functions  ; 192 / 21,280 ( < 1 % )                          ;
;     Dedicated logic registers      ; 128 / 21,280 ( < 1 % )                          ;
; Total registers                    ; 128                                             ;
; Total pins                         ; 55 / 167 ( 33 % )                               ;
; Total virtual pins                 ; 0                                               ;
; Total memory bits                  ; 0 / 774,144 ( 0 % )                             ;
; Embedded Multiplier 9-bit elements ; 0 / 80 ( 0 % )                                  ;
; Total GXB Receiver Channel PCS     ; 0 / 4 ( 0 % )                                   ;
; Total GXB Receiver Channel PMA     ; 0 / 4 ( 0 % )                                   ;
; Total GXB Transmitter Channel PCS  ; 0 / 4 ( 0 % )                                   ;
; Total GXB Transmitter Channel PMA  ; 0 / 4 ( 0 % )                                   ;
; Total PLLs                         ; 0 / 4 ( 0 % )                                   ;
; Device                             ; EP4CGX22CF19C6                                  ;
; Timing Models                      ; Final                                           ;
+------------------------------------+-------------------------------------------------+


+-----------------------------------------------+
; Flow Settings                                 ;
+-------------------+---------------------------+
; Option            ; Setting                   ;
+-------------------+---------------------------+
; Start date & time ; 08/31/2026 14:04:16       ;
; Main task         ; Compilation               ;
; Revision Name     ; banco_de_registadores_top ;
+-------------------+---------------------------+


+------------------------------------------------------------------------------------------------------------------------------------------+
; Flow Non-Default Global Settings                                                                                                         ;
+--------------------------------------+---------------------------------+---------------+-------------+-----------------------------------+
; Assignment Name                      ; Value                           ; Default Value ; Entity Name ; Section Id                        ;
+--------------------------------------+---------------------------------+---------------+-------------+-----------------------------------+
; COMPILER_SIGNATURE_ID                ; 198208555494562.178819945611620 ; --            ; --          ; --                                ;
; EDA_DESIGN_INSTANCE_NAME             ; NA                              ; --            ; --          ; tb_leitura_banco                  ;
; EDA_GENERATE_FUNCTIONAL_NETLIST      ; Off                             ; --            ; --          ; eda_board_design_timing           ;
; EDA_GENERATE_FUNCTIONAL_NETLIST      ; Off                             ; --            ; --          ; eda_board_design_symbol           ;
; EDA_GENERATE_FUNCTIONAL_NETLIST      ; Off                             ; --            ; --          ; eda_board_design_signal_integrity ;
; EDA_GENERATE_FUNCTIONAL_NETLIST      ; Off                             ; --            ; --          ; eda_board_design_boundary_scan    ;
; EDA_GENERATE_FUNCTIONAL_NETLIST      ; Off                             ; --            ; --          ; eda_formal_verification           ;
; EDA_NATIVELINK_SIMULATION_TEST_BENCH ; tb_leitura_banco                ; --            ; --          ; eda_simulation                    ;
; EDA_OUTPUT_DATA_FORMAT               ; Vhdl                            ; --            ; --          ; eda_simulation                    ;
; EDA_RUN_TOOL_AUTOMATICALLY           ; Off                             ; --            ; --          ; eda_simulation                    ;
; EDA_SIMULATION_TOOL                  ; ModelSim-Altera (VHDL)          ; <None>        ; --          ; --                                ;
; EDA_TEST_BENCH_ENABLE_STATUS         ; TEST_BENCH_MODE                 ; --            ; --          ; eda_simulation                    ;
; EDA_TEST_BENCH_FILE                  ; tb_leitura_banco.sv             ; --            ; --          ; tb_leitura_banco                  ;
; EDA_TEST_BENCH_MODULE_NAME           ; tb_leitura_banco                ; --            ; --          ; tb_leitura_banco                  ;
; EDA_TEST_BENCH_NAME                  ; tb_leitura_banco                ; --            ; --          ; eda_simulation                    ;
; EDA_TIME_SCALE                       ; 1 ps                            ; --            ; --          ; eda_simulation                    ;
; PARTITION_COLOR                      ; 16764057                        ; --            ; --          ; Top                               ;
; PARTITION_FITTER_PRESERVATION_LEVEL  ; PLACEMENT_AND_ROUTING           ; --            ; --          ; Top                               ;
; PARTITION_NETLIST_TYPE               ; SOURCE                          ; --            ; --          ; Top                               ;
; PROJECT_OUTPUT_DIRECTORY             ; output_files                    ; --            ; --          ; --                                ;
+--------------------------------------+---------------------------------+---------------+-------------+-----------------------------------+


+--------------------------------------------------------------------------------------------------------------------------+
; Flow Elapsed Time                                                                                                        ;
+----------------------+--------------+-------------------------+---------------------+------------------------------------+
; Module Name          ; Elapsed Time ; Average Processors Used ; Peak Virtual Memory ; Total CPU Time (on all processors) ;
+----------------------+--------------+-------------------------+---------------------+------------------------------------+
; Analysis & Synthesis ; 00:00:02     ; 1.0                     ; 4627 MB             ; 00:00:01                           ;
; Fitter               ; 00:00:06     ; 1.0                     ; 5012 MB             ; 00:00:06                           ;
; Assembler            ; 00:00:01     ; 1.0                     ; 4601 MB             ; 00:00:01                           ;
; Total                ; 00:00:09     ; --                      ; --                  ; 00:00:08                           ;
+----------------------+--------------+-------------------------+---------------------+------------------------------------+


+-----------------------------------------------------------------------------------+
; Flow OS Summary                                                                   ;
+----------------------+------------------+-----------+------------+----------------+
; Module Name          ; Machine Hostname ; OS Name   ; OS Version ; Processor type ;
+----------------------+------------------+-----------+------------+----------------+
; Analysis & Synthesis ; DESKTOP-7I299P9  ; Windows 7 ; 6.2        ; x86_64         ;
; Fitter               ; DESKTOP-7I299P9  ; Windows 7 ; 6.2        ; x86_64         ;
; Assembler            ; DESKTOP-7I299P9  ; Windows 7 ; 6.2        ; x86_64         ;
+----------------------+------------------+-----------+------------+----------------+


------------
; Flow Log ;
------------
quartus_map --read_settings_files=on --write_settings_files=off banco_de_registadores_top -c banco_de_registadores_top
quartus_fit --read_settings_files=off --write_settings_files=off banco_de_registadores_top -c banco_de_registadores_top
quartus_asm --read_settings_files=off --write_settings_files=off banco_de_registadores_top -c banco_de_registadores_top



