Flow report for SpaceFibre
Mon Aug 24 14:34:55 2026
Quartus II 64-Bit Version 13.0.1 Build 232 06/12/2013 Service Pack 1 SJ Web Edition


---------------------
; Table of Contents ;
---------------------
  1. Legal Notice
  2. Flow Summary
  3. Flow Settings
  4. Flow Non-Default Global Settings
  5. Flow Elapsed Time
  6. Flow OS Summary
  7. Flow Log
  8. Flow Messages
  9. Flow Suppressed Messages



----------------
; Legal Notice ;
----------------
Copyright (C) 1991-2013 Altera Corporation
Your use of Altera Corporation's design tools, logic functions 
and other software and tools, and its AMPP partner logic 
functions, and any output files from any of the foregoing 
(including device programming or simulation files), and any 
associated documentation or information are expressly subject 
to the terms and conditions of the Altera Program License 
Subscription Agreement, Altera MegaCore Function License 
Agreement, or other applicable license agreement, including, 
without limitation, that your use is for the sole purpose of 
programming logic devices manufactured by Altera and sold by 
Altera or its authorized distributors.  Please refer to the 
applicable agreement for further details.



+--------------------------------------------------------------------------------------+
; Flow Summary                                                                         ;
+------------------------------------+-------------------------------------------------+
; Flow Status                        ; Successful - Mon Aug 24 14:34:55 2026           ;
; Quartus II 64-Bit Version          ; 13.0.1 Build 232 06/12/2013 SP 1 SJ Web Edition ;
; Revision Name                      ; SpaceFibre                                      ;
; Top-level Entity Name              ; MUX4x1                                          ;
; Family                             ; Cyclone IV E                                    ;
; Device                             ; EP4CE115F29C7                                   ;
; Timing Models                      ; Final                                           ;
; Total logic elements               ; 2 / 114,480 ( < 1 % )                           ;
;     Total combinational functions  ; 2 / 114,480 ( < 1 % )                           ;
;     Dedicated logic registers      ; 0 / 114,480 ( 0 % )                             ;
; Total registers                    ; 0                                               ;
; Total pins                         ; 7 / 529 ( 1 % )                                 ;
; Total virtual pins                 ; 0                                               ;
; Total memory bits                  ; 0 / 3,981,312 ( 0 % )                           ;
; Embedded Multiplier 9-bit elements ; 0 / 532 ( 0 % )                                 ;
; Total PLLs                         ; 0 / 4 ( 0 % )                                   ;
+------------------------------------+-------------------------------------------------+


+-----------------------------------------+
; Flow Settings                           ;
+-------------------+---------------------+
; Option            ; Setting             ;
+-------------------+---------------------+
; Start date & time ; 08/24/2026 14:29:14 ;
; Main task         ; Compilation         ;
; Revision Name     ; SpaceFibre          ;
+-------------------+---------------------+


+------------------------------------------------------------------------------------------------------------------+
; Flow Non-Default Global Settings                                                                                 ;
+-------------------------------------+---------------------------------+---------------+-------------+------------+
; Assignment Name                     ; Value                           ; Default Value ; Entity Name ; Section Id ;
+-------------------------------------+---------------------------------+---------------+-------------+------------+
; COMPILER_SIGNATURE_ID               ; 198208555494562.178759615411868 ; --            ; --          ; --         ;
; IP_TOOL_NAME                        ; LPM_MUX                         ; --            ; --          ; --         ;
; IP_TOOL_VERSION                     ; 13.0                            ; --            ; --          ; --         ;
; MAX_CORE_JUNCTION_TEMP              ; 85                              ; --            ; --          ; --         ;
; MIN_CORE_JUNCTION_TEMP              ; 0                               ; --            ; --          ; --         ;
; MISC_FILE                           ; lpm_mux0.bsf                    ; --            ; --          ; --         ;
; MISC_FILE                           ; lpm_mux0_inst.vhd               ; --            ; --          ; --         ;
; MISC_FILE                           ; lpm_mux0.inc                    ; --            ; --          ; --         ;
; MISC_FILE                           ; lpm_mux0.cmp                    ; --            ; --          ; --         ;
; MISC_FILE                           ; lpm_mux0_syn.v                  ; --            ; --          ; --         ;
; PARTITION_COLOR                     ; 16764057                        ; --            ; MUX4x1      ; Top        ;
; PARTITION_FITTER_PRESERVATION_LEVEL ; PLACEMENT_AND_ROUTING           ; --            ; MUX4x1      ; Top        ;
; PARTITION_NETLIST_TYPE              ; SOURCE                          ; --            ; MUX4x1      ; Top        ;
; PROJECT_OUTPUT_DIRECTORY            ; output_files                    ; --            ; --          ; --         ;
; TOP_LEVEL_ENTITY                    ; MUX4x1                          ; SpaceFibre    ; --          ; --         ;
+-------------------------------------+---------------------------------+---------------+-------------+------------+


+-------------------------------------------------------------------------------------------------------------------------------+
; Flow Elapsed Time                                                                                                             ;
+---------------------------+--------------+-------------------------+---------------------+------------------------------------+
; Module Name               ; Elapsed Time ; Average Processors Used ; Peak Virtual Memory ; Total CPU Time (on all processors) ;
+---------------------------+--------------+-------------------------+---------------------+------------------------------------+
; Analysis & Synthesis      ; 00:00:01     ; 1.0                     ; 4627 MB             ; 00:00:01                           ;
; Fitter                    ; 00:00:16     ; 1.0                     ; 5064 MB             ; 00:00:11                           ;
; Assembler                 ; 00:00:03     ; 1.0                     ; 4556 MB             ; 00:00:03                           ;
; TimeQuest Timing Analyzer ; 00:00:02     ; 1.0                     ; 4649 MB             ; 00:00:02                           ;
; EDA Netlist Writer        ; 00:00:01     ; 1.0                     ; 4517 MB             ; 00:00:00                           ;
; EDA Netlist Writer        ; 00:00:00     ; 1.0                     ; 4531 MB             ; 00:00:00                           ;
; EDA Netlist Writer        ; 00:00:00     ; 1.0                     ; 4515 MB             ; 00:00:00                           ;
; EDA Netlist Writer        ; 00:00:01     ; 1.0                     ; 4531 MB             ; 00:00:00                           ;
; Total                     ; 00:00:24     ; --                      ; --                  ; 00:00:17                           ;
+---------------------------+--------------+-------------------------+---------------------+------------------------------------+


+----------------------------------------------------------------------------------------+
; Flow OS Summary                                                                        ;
+---------------------------+------------------+-----------+------------+----------------+
; Module Name               ; Machine Hostname ; OS Name   ; OS Version ; Processor type ;
+---------------------------+------------------+-----------+------------+----------------+
; Analysis & Synthesis      ; DESKTOP-7I299P9  ; Windows 7 ; 6.2        ; x86_64         ;
; Fitter                    ; DESKTOP-7I299P9  ; Windows 7 ; 6.2        ; x86_64         ;
; Assembler                 ; DESKTOP-7I299P9  ; Windows 7 ; 6.2        ; x86_64         ;
; TimeQuest Timing Analyzer ; DESKTOP-7I299P9  ; Windows 7 ; 6.2        ; x86_64         ;
; EDA Netlist Writer        ; DESKTOP-7I299P9  ; Windows 7 ; 6.2        ; x86_64         ;
; EDA Netlist Writer        ; DESKTOP-7I299P9  ; Windows 7 ; 6.2        ; x86_64         ;
; EDA Netlist Writer        ; DESKTOP-7I299P9  ; Windows 7 ; 6.2        ; x86_64         ;
; EDA Netlist Writer        ; DESKTOP-7I299P9  ; Windows 7 ; 6.2        ; x86_64         ;
+---------------------------+------------------+-----------+------------+----------------+


------------
; Flow Log ;
------------
quartus_map --read_settings_files=on --write_settings_files=off SpaceFibre -c SpaceFibre
quartus_fit --read_settings_files=off --write_settings_files=off SpaceFibre -c SpaceFibre
quartus_asm --read_settings_files=off --write_settings_files=off SpaceFibre -c SpaceFibre
quartus_sta SpaceFibre -c SpaceFibre
quartus_eda --gen_testbench --check_outputs=on --tool=modelsim_oem --format=verilog SpaceFibre -c SpaceFibre --vector_source="C:/altera/13.0sp1/Banco de Registradores/Waveform.vwf" --testbench_file=./simulation/qsim/SpaceFibre.vt
quartus_eda --functional=on --simulation=on --tool=modelsim_oem --format=verilog SpaceFibre -c SpaceFibre
quartus_eda --gen_testbench --check_outputs=on --tool=modelsim_oem --format=verilog SpaceFibre -c SpaceFibre --vector_source="C:/altera/13.0sp1/Banco de Registradores/Waveform.vwf" --testbench_file=./simulation/qsim/SpaceFibre.vt
quartus_eda --functional=on --simulation=on --tool=modelsim_oem --format=verilog SpaceFibre -c SpaceFibre



